Apache Maven 3.9.9 (8e8579a9e76f7d015ee5ec7bfcdc97d260186937)
Maven home: C:\apache-maven-3.9.9-bin\apache-maven-3.9.9
Java version: 23.0.1, vendor: Oracle Corporation, runtime: C:\Program Files\Java\jdk-23
Default locale: en_SG, platform encoding: UTF-8
OS name: "windows 11", version: "10.0", arch: "amd64", family: "windows"
[DEBUG] Created new class realm maven.api
[DEBUG] Importing foreign packages into class realm maven.api
[DEBUG]   Imported: javax.annotation.* < plexus.core
[DEBUG]   Imported: javax.annotation.security.* < plexus.core
[DEBUG]   Imported: javax.inject.* < plexus.core
[DEBUG]   Imported: org.apache.maven.* < plexus.core
[DEBUG]   Imported: org.apache.maven.artifact < plexus.core
[DEBUG]   Imported: org.apache.maven.classrealm < plexus.core
[DEBUG]   Imported: org.apache.maven.cli < plexus.core
[DEBUG]   Imported: org.apache.maven.configuration < plexus.core
[DEBUG]   Imported: org.apache.maven.exception < plexus.core
[DEBUG]   Imported: org.apache.maven.execution < plexus.core
[DEBUG]   Imported: org.apache.maven.execution.scope < plexus.core
[DEBUG]   Imported: org.apache.maven.graph < plexus.core
[DEBUG]   Imported: org.apache.maven.lifecycle < plexus.core
[DEBUG]   Imported: org.apache.maven.model < plexus.core
[DEBUG]   Imported: org.apache.maven.monitor < plexus.core
[DEBUG]   Imported: org.apache.maven.plugin < plexus.core
[DEBUG]   Imported: org.apache.maven.profiles < plexus.core
[DEBUG]   Imported: org.apache.maven.project < plexus.core
[DEBUG]   Imported: org.apache.maven.reporting < plexus.core
[DEBUG]   Imported: org.apache.maven.repository < plexus.core
[DEBUG]   Imported: org.apache.maven.rtinfo < plexus.core
[DEBUG]   Imported: org.apache.maven.settings < plexus.core
[DEBUG]   Imported: org.apache.maven.toolchain < plexus.core
[DEBUG]   Imported: org.apache.maven.usability < plexus.core
[DEBUG]   Imported: org.apache.maven.wagon.* < plexus.core
[DEBUG]   Imported: org.apache.maven.wagon.authentication < plexus.core
[DEBUG]   Imported: org.apache.maven.wagon.authorization < plexus.core
[DEBUG]   Imported: org.apache.maven.wagon.events < plexus.core
[DEBUG]   Imported: org.apache.maven.wagon.observers < plexus.core
[DEBUG]   Imported: org.apache.maven.wagon.proxy < plexus.core
[DEBUG]   Imported: org.apache.maven.wagon.repository < plexus.core
[DEBUG]   Imported: org.apache.maven.wagon.resource < plexus.core
[DEBUG]   Imported: org.codehaus.classworlds < plexus.core
[DEBUG]   Imported: org.codehaus.plexus.* < plexus.core
[DEBUG]   Imported: org.codehaus.plexus.classworlds < plexus.core
[DEBUG]   Imported: org.codehaus.plexus.component < plexus.core
[DEBUG]   Imported: org.codehaus.plexus.configuration < plexus.core
[DEBUG]   Imported: org.codehaus.plexus.container < plexus.core
[DEBUG]   Imported: org.codehaus.plexus.context < plexus.core
[DEBUG]   Imported: org.codehaus.plexus.lifecycle < plexus.core
[DEBUG]   Imported: org.codehaus.plexus.logging < plexus.core
[DEBUG]   Imported: org.codehaus.plexus.personality < plexus.core
[DEBUG]   Imported: org.codehaus.plexus.util.xml.Xpp3Dom < plexus.core
[DEBUG]   Imported: org.codehaus.plexus.util.xml.pull.XmlPullParser < plexus.core
[DEBUG]   Imported: org.codehaus.plexus.util.xml.pull.XmlPullParserException < plexus.core
[DEBUG]   Imported: org.codehaus.plexus.util.xml.pull.XmlSerializer < plexus.core
[DEBUG]   Imported: org.eclipse.aether.* < plexus.core
[DEBUG]   Imported: org.eclipse.aether.artifact < plexus.core
[DEBUG]   Imported: org.eclipse.aether.collection < plexus.core
[DEBUG]   Imported: org.eclipse.aether.deployment < plexus.core
[DEBUG]   Imported: org.eclipse.aether.graph < plexus.core
[DEBUG]   Imported: org.eclipse.aether.impl < plexus.core
[DEBUG]   Imported: org.eclipse.aether.installation < plexus.core
[DEBUG]   Imported: org.eclipse.aether.internal.impl < plexus.core
[DEBUG]   Imported: org.eclipse.aether.metadata < plexus.core
[DEBUG]   Imported: org.eclipse.aether.repository < plexus.core
[DEBUG]   Imported: org.eclipse.aether.resolution < plexus.core
[DEBUG]   Imported: org.eclipse.aether.spi < plexus.core
[DEBUG]   Imported: org.eclipse.aether.transfer < plexus.core
[DEBUG]   Imported: org.eclipse.aether.util < plexus.core
[DEBUG]   Imported: org.eclipse.aether.version < plexus.core
[DEBUG]   Imported: org.fusesource.jansi.* < plexus.core
[DEBUG]   Imported: org.slf4j.* < plexus.core
[DEBUG]   Imported: org.slf4j.event.* < plexus.core
[DEBUG]   Imported: org.slf4j.helpers.* < plexus.core
[DEBUG]   Imported: org.slf4j.spi.* < plexus.core
[DEBUG] Populating class realm maven.api
[DEBUG] Created adapter factory; available factories [file-lock, rwlock-local, semaphore-local, noop]; available name mappers [discriminating, file-gav, file-hgav, file-static, gav, static]
[INFO] Error stacktraces are turned on.
[DEBUG] Message scheme: color
[DEBUG] Message styles: debug info warning error success failure strong mojo project
[DEBUG] Reading global settings from C:\apache-maven-3.9.9-bin\apache-maven-3.9.9\conf\settings.xml
[DEBUG] Reading user settings from C:\Users\saile\.m2\settings.xml
[DEBUG] Reading global toolchains from C:\apache-maven-3.9.9-bin\apache-maven-3.9.9\conf\toolchains.xml
[DEBUG] Reading user toolchains from C:\Users\saile\.m2\toolchains.xml
[DEBUG] Using local repository at C:\Users\saile\.m2\repository
[DEBUG] Using manager EnhancedLocalRepositoryManager with priority 10.0 for C:\Users\saile\.m2\repository
[INFO] Scanning for projects...
[DEBUG] Creating adapter using nameMapper 'gav' and factory 'rwlock-local'
[DEBUG] Extension realms for project com.example:s3-upload-service:jar:1.0.0: (none)
[DEBUG] Looking up lifecycle mappings for packaging jar from ClassRealm[plexus.core, parent: null]
[DEBUG] Extension realms for project org.springframework.boot:spring-boot-starter-parent:pom:3.2.0: (none)
[DEBUG] Looking up lifecycle mappings for packaging pom from ClassRealm[plexus.core, parent: null]
[DEBUG] Extension realms for project org.springframework.boot:spring-boot-dependencies:pom:3.2.0: (none)
[DEBUG] Looking up lifecycle mappings for packaging pom from ClassRealm[plexus.core, parent: null]
[DEBUG] === REACTOR BUILD PLAN ================================================
[DEBUG] Project: com.example:s3-upload-service:jar:1.0.0
[DEBUG] Tasks:   [clean, compile]
[DEBUG] Style:   Regular
[DEBUG] =======================================================================
[INFO] 
[INFO] -------------------< com.example:s3-upload-service >--------------------
[INFO] Building s3-upload-service 1.0.0
[INFO]   from pom.xml
[INFO] --------------------------------[ jar ]---------------------------------
[DEBUG] Lifecycle clean -> [pre-clean, clean, post-clean]
[DEBUG] Lifecycle default -> [validate, initialize, generate-sources, process-sources, generate-resources, process-resources, compile, process-classes, generate-test-sources, process-test-sources, generate-test-resources, process-test-resources, test-compile, process-test-classes, test, prepare-package, package, pre-integration-test, integration-test, post-integration-test, verify, install, deploy]
[DEBUG] Lifecycle site -> [pre-site, site, post-site, site-deploy]
[DEBUG] Lifecycle clean -> [pre-clean, clean, post-clean]
[DEBUG] Lifecycle default -> [validate, initialize, generate-sources, process-sources, generate-resources, process-resources, compile, process-classes, generate-test-sources, process-test-sources, generate-test-resources, process-test-resources, test-compile, process-test-classes, test, prepare-package, package, pre-integration-test, integration-test, post-integration-test, verify, install, deploy]
[DEBUG] Lifecycle site -> [pre-site, site, post-site, site-deploy]
[DEBUG] Lifecycle clean -> [pre-clean, clean, post-clean]
[DEBUG] Lifecycle default -> [validate, initialize, generate-sources, process-sources, generate-resources, process-resources, compile, process-classes, generate-test-sources, process-test-sources, generate-test-resources, process-test-resources, test-compile, process-test-classes, test, prepare-package, package, pre-integration-test, integration-test, post-integration-test, verify, install, deploy]
[DEBUG] Lifecycle site -> [pre-site, site, post-site, site-deploy]
[DEBUG] Lifecycle clean -> [pre-clean, clean, post-clean]
[DEBUG] Lifecycle default -> [validate, initialize, generate-sources, process-sources, generate-resources, process-resources, compile, process-classes, generate-test-sources, process-test-sources, generate-test-resources, process-test-resources, test-compile, process-test-classes, test, prepare-package, package, pre-integration-test, integration-test, post-integration-test, verify, install, deploy]
[DEBUG] Lifecycle site -> [pre-site, site, post-site, site-deploy]
[DEBUG] Lifecycle clean -> [pre-clean, clean, post-clean]
[DEBUG] Lifecycle default -> [validate, initialize, generate-sources, process-sources, generate-resources, process-resources, compile, process-classes, generate-test-sources, process-test-sources, generate-test-resources, process-test-resources, test-compile, process-test-classes, test, prepare-package, package, pre-integration-test, integration-test, post-integration-test, verify, install, deploy]
[DEBUG] Lifecycle site -> [pre-site, site, post-site, site-deploy]
[DEBUG] === PROJECT BUILD PLAN ================================================
[DEBUG] Project:       com.example:s3-upload-service:1.0.0
[DEBUG] Dependencies (collect): []
[DEBUG] Dependencies (resolve): [compile]
[DEBUG] Repositories (dependencies): [central (https://repo.maven.apache.org/maven2, default, releases)]
[DEBUG] Repositories (plugins)     : [central (https://repo.maven.apache.org/maven2, default, releases)]
[DEBUG] -----------------------------------------------------------------------
[DEBUG] Goal:          org.apache.maven.plugins:maven-clean-plugin:3.3.2:clean (default-clean)
[DEBUG] Style:         Regular
[DEBUG] Configuration: <?xml version="1.0" encoding="UTF-8"?>
<configuration>
  <directory default-value="${project.build.directory}"/>
  <excludeDefaultDirectories default-value="false">${maven.clean.excludeDefaultDirectories}</excludeDefaultDirectories>
  <failOnError default-value="true">${maven.clean.failOnError}</failOnError>
  <fast default-value="false">${maven.clean.fast}</fast>
  <fastDir>${maven.clean.fastDir}</fastDir>
  <fastMode default-value="background">${maven.clean.fastMode}</fastMode>
  <followSymLinks default-value="false">${maven.clean.followSymLinks}</followSymLinks>
  <outputDirectory default-value="${project.build.outputDirectory}"/>
  <reportDirectory default-value="${project.build.outputDirectory}"/>
  <retryOnError default-value="true">${maven.clean.retryOnError}</retryOnError>
  <session default-value="${session}"/>
  <skip default-value="false">${maven.clean.skip}</skip>
  <testOutputDirectory default-value="${project.build.testOutputDirectory}"/>
  <verbose>${maven.clean.verbose}</verbose>
</configuration>
[DEBUG] -----------------------------------------------------------------------
[DEBUG] Goal:          org.apache.maven.plugins:maven-resources-plugin:3.3.1:resources (default-resources)
[DEBUG] Style:         Regular
[DEBUG] Configuration: <?xml version="1.0" encoding="UTF-8"?>
<configuration>
  <addDefaultExcludes default-value="true"/>
  <buildFilters default-value="${project.build.filters}"/>
  <delimiters>
    <delimiter>@</delimiter>
  </delimiters>
  <encoding default-value="${project.build.sourceEncoding}"/>
  <escapeWindowsPaths default-value="true"/>
  <fileNameFiltering default-value="false"/>
  <includeEmptyDirs default-value="false"/>
  <outputDirectory default-value="${project.build.outputDirectory}"/>
  <overwrite default-value="false"/>
  <project default-value="${project}"/>
  <propertiesEncoding>UTF-8</propertiesEncoding>
  <resources default-value="${project.resources}"/>
  <session default-value="${session}"/>
  <skip default-value="false">${maven.resources.skip}</skip>
  <supportMultiLineFiltering default-value="false"/>
  <useBuildFilters default-value="true"/>
  <useDefaultDelimiters default-value="true">false</useDefaultDelimiters>
</configuration>
[DEBUG] -----------------------------------------------------------------------
[DEBUG] Goal:          org.apache.maven.plugins:maven-compiler-plugin:3.11.0:compile (default-compile)
[DEBUG] Style:         Regular
[DEBUG] Configuration: <?xml version="1.0" encoding="UTF-8"?>
<configuration>
  <basedir default-value="${basedir}"/>
  <buildDirectory default-value="${project.build.directory}"/>
  <compilePath default-value="${project.compileClasspathElements}"/>
  <compileSourceRoots default-value="${project.compileSourceRoots}"/>
  <compilerId default-value="javac">${maven.compiler.compilerId}</compilerId>
  <compilerReuseStrategy default-value="${reuseCreated}">${maven.compiler.compilerReuseStrategy}</compilerReuseStrategy>
  <compilerVersion>${maven.compiler.compilerVersion}</compilerVersion>
  <createMissingPackageInfoClass default-value="true">${maven.compiler.createMissingPackageInfoClass}</createMissingPackageInfoClass>
  <debug default-value="true">${maven.compiler.debug}</debug>
  <debugFileName default-value="javac"/>
  <debuglevel>${maven.compiler.debuglevel}</debuglevel>
  <enablePreview default-value="false">${maven.compiler.enablePreview}</enablePreview>
  <encoding default-value="${project.build.sourceEncoding}">${encoding}</encoding>
  <executable>${maven.compiler.executable}</executable>
  <failOnError default-value="true">${maven.compiler.failOnError}</failOnError>
  <failOnWarning default-value="false">${maven.compiler.failOnWarning}</failOnWarning>
  <forceJavacCompilerUse default-value="false">${maven.compiler.forceJavacCompilerUse}</forceJavacCompilerUse>
  <fork default-value="false">${maven.compiler.fork}</fork>
  <generatedSourcesDirectory default-value="${project.build.directory}/generated-sources/annotations"/>
  <implicit>${maven.compiler.implicit}</implicit>
  <maxmem>${maven.compiler.maxmem}</maxmem>
  <meminitial>${maven.compiler.meminitial}</meminitial>
  <mojoExecution default-value="${mojoExecution}"/>
  <optimize default-value="false">${maven.compiler.optimize}</optimize>
  <outputDirectory default-value="${project.build.outputDirectory}"/>
  <parameters default-value="false">true</parameters>
  <project default-value="${project}"/>
  <projectArtifact default-value="${project.artifact}"/>
  <release>21</release>
  <session default-value="${session}"/>
  <showCompilationChanges default-value="false">${maven.compiler.showCompilationChanges}</showCompilationChanges>
  <showDeprecation default-value="false">${maven.compiler.showDeprecation}</showDeprecation>
  <showWarnings default-value="true">${maven.compiler.showWarnings}</showWarnings>
  <skipMain>${maven.main.skip}</skipMain>
  <skipMultiThreadWarning default-value="false">${maven.compiler.skipMultiThreadWarning}</skipMultiThreadWarning>
  <source default-value="1.8">${maven.compiler.source}</source>
  <staleMillis default-value="0">${lastModGranularityMs}</staleMillis>
  <target default-value="1.8">${maven.compiler.target}</target>
  <useIncrementalCompilation default-value="true">${maven.compiler.useIncrementalCompilation}</useIncrementalCompilation>
  <verbose default-value="false">${maven.compiler.verbose}</verbose>
</configuration>
[DEBUG] =======================================================================
[DEBUG] Using mirror maven-default-http-blocker (http://0.0.0.0/) for apache.snapshots (http://repository.apache.org/snapshots).
[DEBUG] Using mirror maven-default-http-blocker (http://0.0.0.0/) for ow2-snapshot (http://repository.ow2.org/nexus/content/repositories/snapshots).
[DEBUG] Using mirror maven-default-http-blocker (http://0.0.0.0/) for vaadin-snapshots (http://oss.sonatype.org/content/repositories/vaadin-snapshots/).
[DEBUG] Using mirror maven-default-http-blocker (http://0.0.0.0/) for vaadin-releases (http://oss.sonatype.org/content/repositories/vaadin-releases/).
[DEBUG] Dependency collection stats {ConflictMarker.analyzeTime=1486100, ConflictMarker.markTime=443600, ConflictMarker.nodeCount=262, ConflictIdSorter.graphTime=1165200, ConflictIdSorter.topsortTime=891000, ConflictIdSorter.conflictIdCount=117, ConflictIdSorter.conflictIdCycleCount=0, ConflictResolver.totalTime=14103200, ConflictResolver.conflictItemCount=227, DfDependencyCollector.collectTime=781388000, DfDependencyCollector.transformTime=21727900}
[DEBUG] com.example:s3-upload-service:jar:1.0.0
[DEBUG]    org.springframework.boot:spring-boot-starter-web:jar:3.2.0:compile
[DEBUG]       org.springframework.boot:spring-boot-starter:jar:3.2.0:compile (version managed from 3.2.0)
[DEBUG]          org.springframework.boot:spring-boot:jar:3.2.0:compile (version managed from 3.2.0)
[DEBUG]          org.springframework.boot:spring-boot-autoconfigure:jar:3.2.0:compile (version managed from 3.2.0)
[DEBUG]          org.springframework.boot:spring-boot-starter-logging:jar:3.2.0:compile (version managed from 3.2.0)
[DEBUG]             ch.qos.logback:logback-classic:jar:1.4.11:compile (version managed from 1.4.11)
[DEBUG]                ch.qos.logback:logback-core:jar:1.4.11:compile (version managed from 1.4.11)
[DEBUG]             org.apache.logging.log4j:log4j-to-slf4j:jar:2.21.1:compile (version managed from 2.21.1)
[DEBUG]                org.apache.logging.log4j:log4j-api:jar:2.21.1:compile (version managed from 2.21.1)
[DEBUG]             org.slf4j:jul-to-slf4j:jar:2.0.9:compile (version managed from 2.0.9)
[DEBUG]          org.yaml:snakeyaml:jar:2.2:compile (version managed from 2.2)
[DEBUG]       org.springframework.boot:spring-boot-starter-json:jar:3.2.0:compile (version managed from 3.2.0)
[DEBUG]          com.fasterxml.jackson.core:jackson-databind:jar:2.15.3:compile (version managed from 2.15.3)
[DEBUG]             com.fasterxml.jackson.core:jackson-annotations:jar:2.15.3:compile (version managed from 2.15.3)
[DEBUG]             com.fasterxml.jackson.core:jackson-core:jar:2.15.3:compile (version managed from 2.15.3)
[DEBUG]          com.fasterxml.jackson.datatype:jackson-datatype-jdk8:jar:2.15.3:compile (version managed from 2.15.3)
[DEBUG]          com.fasterxml.jackson.datatype:jackson-datatype-jsr310:jar:2.15.3:compile (version managed from 2.15.3)
[DEBUG]          com.fasterxml.jackson.module:jackson-module-parameter-names:jar:2.15.3:compile (version managed from 2.15.3)
[DEBUG]       org.springframework.boot:spring-boot-starter-tomcat:jar:3.2.0:compile (version managed from 3.2.0)
[DEBUG]          org.apache.tomcat.embed:tomcat-embed-core:jar:10.1.16:compile (version managed from 10.1.16)
[DEBUG]          org.apache.tomcat.embed:tomcat-embed-el:jar:10.1.16:compile (version managed from 10.1.16)
[DEBUG]          org.apache.tomcat.embed:tomcat-embed-websocket:jar:10.1.16:compile (version managed from 10.1.16)
[DEBUG]       org.springframework:spring-web:jar:6.1.1:compile (version managed from 6.1.1)
[DEBUG]          org.springframework:spring-beans:jar:6.1.1:compile (version managed from 6.1.1)
[DEBUG]          io.micrometer:micrometer-observation:jar:1.12.0:compile (version managed from 1.12.0)
[DEBUG]             io.micrometer:micrometer-commons:jar:1.12.0:compile (version managed from 1.12.0)
[DEBUG]       org.springframework:spring-webmvc:jar:6.1.1:compile (version managed from 6.1.1)
[DEBUG]          org.springframework:spring-aop:jar:6.1.1:compile (version managed from 6.1.1)
[DEBUG]          org.springframework:spring-context:jar:6.1.1:compile (version managed from 6.1.1)
[DEBUG]          org.springframework:spring-expression:jar:6.1.1:compile (version managed from 6.1.1)
[DEBUG]    org.springframework.boot:spring-boot-starter-data-jpa:jar:3.2.0:compile
[DEBUG]       org.springframework.boot:spring-boot-starter-aop:jar:3.2.0:compile (version managed from 3.2.0)
[DEBUG]          org.aspectj:aspectjweaver:jar:1.9.20.1:compile (version managed from 1.9.20.1)
[DEBUG]       org.springframework.boot:spring-boot-starter-jdbc:jar:3.2.0:compile (version managed from 3.2.0)
[DEBUG]          com.zaxxer:HikariCP:jar:5.0.1:compile (version managed from 5.0.1)
[DEBUG]          org.springframework:spring-jdbc:jar:6.1.1:compile (version managed from 6.1.1)
[DEBUG]       org.hibernate.orm:hibernate-core:jar:6.3.1.Final:compile (version managed from 6.3.1.Final)
[DEBUG]          jakarta.persistence:jakarta.persistence-api:jar:3.1.0:compile (version managed from 3.1.0)
[DEBUG]          jakarta.transaction:jakarta.transaction-api:jar:2.0.1:compile (version managed from 2.0.1)
[DEBUG]          org.jboss.logging:jboss-logging:jar:3.5.3.Final:runtime (version managed from 3.5.0.Final)
[DEBUG]          org.hibernate.common:hibernate-commons-annotations:jar:6.0.6.Final:runtime
[DEBUG]          io.smallrye:jandex:jar:3.1.2:runtime
[DEBUG]          com.fasterxml:classmate:jar:1.6.0:runtime (version managed from 1.5.1)
[DEBUG]          net.bytebuddy:byte-buddy:jar:1.14.10:runtime (version managed from 1.14.7)
[DEBUG]          org.glassfish.jaxb:jaxb-runtime:jar:4.0.4:runtime (version managed from 4.0.2)
[DEBUG]             org.glassfish.jaxb:jaxb-core:jar:4.0.4:runtime (version managed from 4.0.4)
[DEBUG]                org.eclipse.angus:angus-activation:jar:2.0.1:runtime (version managed from 2.0.1)
[DEBUG]                org.glassfish.jaxb:txw2:jar:4.0.4:runtime (version managed from 4.0.4)
[DEBUG]                com.sun.istack:istack-commons-runtime:jar:4.1.2:runtime (version managed from 4.1.2)
[DEBUG]          jakarta.inject:jakarta.inject-api:jar:2.0.1:runtime
[DEBUG]          org.antlr:antlr4-runtime:jar:4.10.1:compile
[DEBUG]       org.springframework.data:spring-data-jpa:jar:3.2.0:compile (version managed from 3.2.0)
[DEBUG]          org.springframework.data:spring-data-commons:jar:3.2.0:compile (version managed from 3.2.0)
[DEBUG]          org.springframework:spring-orm:jar:6.1.1:compile (version managed from 6.1.0)
[DEBUG]          org.springframework:spring-tx:jar:6.1.1:compile (version managed from 6.1.0)
[DEBUG]          org.slf4j:slf4j-api:jar:2.0.9:compile (version managed from 2.0.2)
[DEBUG]       org.springframework:spring-aspects:jar:6.1.1:compile (version managed from 6.1.1)
[DEBUG]    org.postgresql:postgresql:jar:42.7.2:compile
[DEBUG]       org.checkerframework:checker-qual:jar:3.42.0:runtime
[DEBUG]    com.amazonaws:aws-java-sdk-s3:jar:1.12.563:compile
[DEBUG]       com.amazonaws:aws-java-sdk-kms:jar:1.12.563:compile
[DEBUG]       com.amazonaws:aws-java-sdk-core:jar:1.12.563:compile
[DEBUG]          commons-logging:commons-logging:jar:1.1.3:compile
[DEBUG]          commons-codec:commons-codec:jar:1.16.0:compile (version managed from 1.15)
[DEBUG]          org.apache.httpcomponents:httpclient:jar:4.5.13:compile
[DEBUG]             org.apache.httpcomponents:httpcore:jar:4.4.16:compile (version managed from 4.4.13)
[DEBUG]          software.amazon.ion:ion-java:jar:1.0.2:compile
[DEBUG]          com.fasterxml.jackson.dataformat:jackson-dataformat-cbor:jar:2.15.3:compile (version managed from 2.12.6)
[DEBUG]          joda-time:joda-time:jar:2.8.1:compile
[DEBUG]       com.amazonaws:jmespath-java:jar:1.12.563:compile
[DEBUG]    jakarta.annotation:jakarta.annotation-api:jar:2.1.1:compile
[DEBUG]    org.springframework.boot:spring-boot-starter-test:jar:3.2.0:test
[DEBUG]       org.springframework.boot:spring-boot-test:jar:3.2.0:test (version managed from 3.2.0)
[DEBUG]       org.springframework.boot:spring-boot-test-autoconfigure:jar:3.2.0:test (version managed from 3.2.0)
[DEBUG]       com.jayway.jsonpath:json-path:jar:2.8.0:test (version managed from 2.8.0)
[DEBUG]       jakarta.xml.bind:jakarta.xml.bind-api:jar:4.0.1:compile (version managed from 4.0.1)
[DEBUG]          jakarta.activation:jakarta.activation-api:jar:2.1.2:compile (version managed from 2.1.2)
[DEBUG]       net.minidev:json-smart:jar:2.5.0:test (version managed from 2.5.0)
[DEBUG]          net.minidev:accessors-smart:jar:2.5.0:test
[DEBUG]             org.ow2.asm:asm:jar:9.3:test
[DEBUG]       org.assertj:assertj-core:jar:3.24.2:test (version managed from 3.24.2)
[DEBUG]       org.awaitility:awaitility:jar:4.2.0:test (version managed from 4.2.0)
[DEBUG]       org.hamcrest:hamcrest:jar:2.2:test (version managed from 2.2)
[DEBUG]       org.junit.jupiter:junit-jupiter:jar:5.10.1:test (version managed from 5.10.1)
[DEBUG]          org.junit.jupiter:junit-jupiter-api:jar:5.10.1:test (version managed from 5.10.1)
[DEBUG]             org.opentest4j:opentest4j:jar:1.3.0:test
[DEBUG]             org.junit.platform:junit-platform-commons:jar:1.10.1:test (version managed from 1.10.1)
[DEBUG]             org.apiguardian:apiguardian-api:jar:1.1.2:test
[DEBUG]          org.junit.jupiter:junit-jupiter-params:jar:5.10.1:test (version managed from 5.10.1)
[DEBUG]          org.junit.jupiter:junit-jupiter-engine:jar:5.10.1:test (version managed from 5.10.1)
[DEBUG]             org.junit.platform:junit-platform-engine:jar:1.10.1:test (version managed from 1.10.1)
[DEBUG]       org.mockito:mockito-core:jar:5.7.0:test (version managed from 5.7.0)
[DEBUG]          net.bytebuddy:byte-buddy-agent:jar:1.14.10:test (version managed from 1.14.9)
[DEBUG]          org.objenesis:objenesis:jar:3.3:test
[DEBUG]       org.mockito:mockito-junit-jupiter:jar:5.7.0:test (version managed from 5.7.0)
[DEBUG]       org.skyscreamer:jsonassert:jar:1.5.1:test (version managed from 1.5.1)
[DEBUG]          com.vaadin.external.google:android-json:jar:0.0.20131108.vaadin1:test
[DEBUG]       org.springframework:spring-core:jar:6.1.1:compile (version managed from 6.1.1)
[DEBUG]          org.springframework:spring-jcl:jar:6.1.1:compile (version managed from 6.1.1)
[DEBUG]       org.springframework:spring-test:jar:6.1.1:test (version managed from 6.1.1)
[DEBUG]       org.xmlunit:xmlunit-core:jar:2.9.1:test (version managed from 2.9.1)
[DEBUG]    org.springframework.boot:spring-boot-starter-amqp:jar:3.2.0:compile
[DEBUG]       org.springframework:spring-messaging:jar:6.1.1:compile (version managed from 6.1.1)
[DEBUG]       org.springframework.amqp:spring-rabbit:jar:3.1.0:compile (version managed from 3.1.0)
[DEBUG]          org.springframework.amqp:spring-amqp:jar:3.1.0:compile (version managed from 3.1.0)
[DEBUG]             org.springframework.retry:spring-retry:jar:2.0.4:compile (version managed from 2.0.4)
[DEBUG]          com.rabbitmq:amqp-client:jar:5.19.0:compile (version managed from 5.19.0)
[DEBUG]    org.springdoc:springdoc-openapi-starter-webmvc-ui:jar:2.5.0:compile
[DEBUG]       org.springdoc:springdoc-openapi-starter-webmvc-api:jar:2.5.0:compile
[DEBUG]          org.springdoc:springdoc-openapi-starter-common:jar:2.5.0:compile
[DEBUG]             io.swagger.core.v3:swagger-core-jakarta:jar:2.2.21:compile
[DEBUG]                org.apache.commons:commons-lang3:jar:3.13.0:compile (version managed from 3.14.0)
[DEBUG]                io.swagger.core.v3:swagger-annotations-jakarta:jar:2.2.21:compile
[DEBUG]                io.swagger.core.v3:swagger-models-jakarta:jar:2.2.21:compile
[DEBUG]                jakarta.validation:jakarta.validation-api:jar:3.0.2:compile (version managed from 3.0.2)
[DEBUG]                com.fasterxml.jackson.dataformat:jackson-dataformat-yaml:jar:2.15.3:compile (version managed from 2.16.2)
[DEBUG]       org.webjars:swagger-ui:jar:5.13.0:compile
[INFO] 
[INFO] --- clean:3.3.2:clean (default-clean) @ s3-upload-service ---
[DEBUG] Dependency collection stats {ConflictMarker.analyzeTime=155200, ConflictMarker.markTime=102600, ConflictMarker.nodeCount=2, ConflictIdSorter.graphTime=10700, ConflictIdSorter.topsortTime=13300, ConflictIdSorter.conflictIdCount=2, ConflictIdSorter.conflictIdCycleCount=0, ConflictResolver.totalTime=114500, ConflictResolver.conflictItemCount=2, DfDependencyCollector.collectTime=15917400, DfDependencyCollector.transformTime=426700}
[DEBUG] org.apache.maven.plugins:maven-clean-plugin:jar:3.3.2
[DEBUG]    org.codehaus.plexus:plexus-utils:jar:4.0.0:compile
[DEBUG] Created new class realm plugin>org.apache.maven.plugins:maven-clean-plugin:3.3.2
[DEBUG] Importing foreign packages into class realm plugin>org.apache.maven.plugins:maven-clean-plugin:3.3.2
[DEBUG]   Imported:  < maven.api
[DEBUG] Populating class realm plugin>org.apache.maven.plugins:maven-clean-plugin:3.3.2
[DEBUG]   Included: org.apache.maven.plugins:maven-clean-plugin:jar:3.3.2
[DEBUG]   Included: org.codehaus.plexus:plexus-utils:jar:4.0.0
[DEBUG] Loading mojo org.apache.maven.plugins:maven-clean-plugin:3.3.2:clean from plugin realm ClassRealm[plugin>org.apache.maven.plugins:maven-clean-plugin:3.3.2, parent: jdk.internal.loader.ClassLoaders$AppClassLoader@33909752]
[DEBUG] Configuring mojo execution 'org.apache.maven.plugins:maven-clean-plugin:3.3.2:clean:default-clean' with basic configurator -->
[DEBUG]   (f) directory = C:\work\s3-upload-service\s3-upload-service\target
[DEBUG]   (f) excludeDefaultDirectories = false
[DEBUG]   (f) failOnError = true
[DEBUG]   (f) fast = false
[DEBUG]   (f) fastMode = background
[DEBUG]   (f) followSymLinks = false
[DEBUG]   (f) outputDirectory = C:\work\s3-upload-service\s3-upload-service\target\classes
[DEBUG]   (f) reportDirectory = C:\work\s3-upload-service\s3-upload-service\target\classes
[DEBUG]   (f) retryOnError = true
[DEBUG]   (f) session = org.apache.maven.execution.MavenSession@71e4b308
[DEBUG]   (f) skip = false
[DEBUG]   (f) testOutputDirectory = C:\work\s3-upload-service\s3-upload-service\target\test-classes
[DEBUG] -- end configuration --
[INFO] Deleting C:\work\s3-upload-service\s3-upload-service\target
[INFO] Deleting file C:\work\s3-upload-service\s3-upload-service\target\maven-status\maven-compiler-plugin\compile\default-compile\inputFiles.lst
[INFO] Deleting file C:\work\s3-upload-service\s3-upload-service\target\maven-status\maven-compiler-plugin\compile\default-compile\createdFiles.lst
[INFO] Deleting directory C:\work\s3-upload-service\s3-upload-service\target\maven-status\maven-compiler-plugin\compile\default-compile
[INFO] Deleting directory C:\work\s3-upload-service\s3-upload-service\target\maven-status\maven-compiler-plugin\compile
[INFO] Deleting directory C:\work\s3-upload-service\s3-upload-service\target\maven-status\maven-compiler-plugin
[INFO] Deleting directory C:\work\s3-upload-service\s3-upload-service\target\maven-status
[INFO] Deleting directory C:\work\s3-upload-service\s3-upload-service\target\generated-sources\annotations
[INFO] Deleting directory C:\work\s3-upload-service\s3-upload-service\target\generated-sources
[INFO] Deleting file C:\work\s3-upload-service\s3-upload-service\target\classes\META-INF\maven\archetype.xml
[INFO] Deleting directory C:\work\s3-upload-service\s3-upload-service\target\classes\META-INF\maven
[INFO] Deleting directory C:\work\s3-upload-service\s3-upload-service\target\classes\META-INF
[INFO] Deleting file C:\work\s3-upload-service\s3-upload-service\target\classes\logback-spring.xml
[INFO] Deleting file C:\work\s3-upload-service\s3-upload-service\target\classes\com\ch\carinspection\imgupl\service\UploadService.class
[INFO] Deleting file C:\work\s3-upload-service\s3-upload-service\target\classes\com\ch\carinspection\imgupl\service\ScanService.class
[INFO] Deleting file C:\work\s3-upload-service\s3-upload-service\target\classes\com\ch\carinspection\imgupl\service\repository\ImageRepository.class
[INFO] Deleting directory C:\work\s3-upload-service\s3-upload-service\target\classes\com\ch\carinspection\imgupl\service\repository
[INFO] Deleting file C:\work\s3-upload-service\s3-upload-service\target\classes\com\ch\carinspection\imgupl\service\RabbitMQSender.class
[INFO] Deleting file C:\work\s3-upload-service\s3-upload-service\target\classes\com\ch\carinspection\imgupl\service\ProgressTracker.class
[INFO] Deleting directory C:\work\s3-upload-service\s3-upload-service\target\classes\com\ch\carinspection\imgupl\service
[INFO] Deleting file C:\work\s3-upload-service\s3-upload-service\target\classes\com\ch\carinspection\imgupl\rabbit\ImageScanConsumer.class
[INFO] Deleting directory C:\work\s3-upload-service\s3-upload-service\target\classes\com\ch\carinspection\imgupl\rabbit
[INFO] Deleting file C:\work\s3-upload-service\s3-upload-service\target\classes\com\ch\carinspection\imgupl\model\ScanStatus.class
[INFO] Deleting file C:\work\s3-upload-service\s3-upload-service\target\classes\com\ch\carinspection\imgupl\model\Image.class
[INFO] Deleting directory C:\work\s3-upload-service\s3-upload-service\target\classes\com\ch\carinspection\imgupl\model
[INFO] Deleting file C:\work\s3-upload-service\s3-upload-service\target\classes\com\ch\carinspection\imgupl\listener\ScanListener.class
[INFO] Deleting directory C:\work\s3-upload-service\s3-upload-service\target\classes\com\ch\carinspection\imgupl\listener
[INFO] Deleting file C:\work\s3-upload-service\s3-upload-service\target\classes\com\ch\carinspection\imgupl\impl\ScanServiceImpl.class
[INFO] Deleting directory C:\work\s3-upload-service\s3-upload-service\target\classes\com\ch\carinspection\imgupl\impl
[INFO] Deleting file C:\work\s3-upload-service\s3-upload-service\target\classes\com\ch\carinspection\imgupl\dto\UploadResponseDTO.class
[INFO] Deleting file C:\work\s3-upload-service\s3-upload-service\target\classes\com\ch\carinspection\imgupl\dto\UploadResponseDTO$Builder.class
[INFO] Deleting directory C:\work\s3-upload-service\s3-upload-service\target\classes\com\ch\carinspection\imgupl\dto
[INFO] Deleting file C:\work\s3-upload-service\s3-upload-service\target\classes\com\ch\carinspection\imgupl\controller\UploadController.class
[INFO] Deleting file C:\work\s3-upload-service\s3-upload-service\target\classes\com\ch\carinspection\imgupl\controller\ScanController.class
[INFO] Deleting directory C:\work\s3-upload-service\s3-upload-service\target\classes\com\ch\carinspection\imgupl\controller
[INFO] Deleting file C:\work\s3-upload-service\s3-upload-service\target\classes\com\ch\carinspection\imgupl\config\UploadConfig.class
[INFO] Deleting file C:\work\s3-upload-service\s3-upload-service\target\classes\com\ch\carinspection\imgupl\config\RabbitMQConfig.class
[INFO] Deleting directory C:\work\s3-upload-service\s3-upload-service\target\classes\com\ch\carinspection\imgupl\config
[INFO] Deleting file C:\work\s3-upload-service\s3-upload-service\target\classes\com\ch\carinspection\imgupl\CarInspectionApplication.class
[INFO] Deleting directory C:\work\s3-upload-service\s3-upload-service\target\classes\com\ch\carinspection\imgupl
[INFO] Deleting directory C:\work\s3-upload-service\s3-upload-service\target\classes\com\ch\carinspection
[INFO] Deleting directory C:\work\s3-upload-service\s3-upload-service\target\classes\com\ch
[INFO] Deleting directory C:\work\s3-upload-service\s3-upload-service\target\classes\com
[INFO] Deleting file C:\work\s3-upload-service\s3-upload-service\target\classes\archetype-resources\src\test\java\AppTest.java
[INFO] Deleting directory C:\work\s3-upload-service\s3-upload-service\target\classes\archetype-resources\src\test\java
[INFO] Deleting directory C:\work\s3-upload-service\s3-upload-service\target\classes\archetype-resources\src\test
[INFO] Deleting file C:\work\s3-upload-service\s3-upload-service\target\classes\archetype-resources\src\main\java\App.java
[INFO] Deleting directory C:\work\s3-upload-service\s3-upload-service\target\classes\archetype-resources\src\main\java
[INFO] Deleting directory C:\work\s3-upload-service\s3-upload-service\target\classes\archetype-resources\src\main
[INFO] Deleting directory C:\work\s3-upload-service\s3-upload-service\target\classes\archetype-resources\src
[INFO] Deleting file C:\work\s3-upload-service\s3-upload-service\target\classes\archetype-resources\pom.xml
[INFO] Deleting directory C:\work\s3-upload-service\s3-upload-service\target\classes\archetype-resources
[INFO] Deleting file C:\work\s3-upload-service\s3-upload-service\target\classes\application.properties
[INFO] Deleting directory C:\work\s3-upload-service\s3-upload-service\target\classes
[INFO] Deleting directory C:\work\s3-upload-service\s3-upload-service\target
[DEBUG] Skipping non-existing directory C:\work\s3-upload-service\s3-upload-service\target\classes
[DEBUG] Skipping non-existing directory C:\work\s3-upload-service\s3-upload-service\target\test-classes
[DEBUG] Skipping non-existing directory C:\work\s3-upload-service\s3-upload-service\target\classes
[INFO] 
[INFO] --- resources:3.3.1:resources (default-resources) @ s3-upload-service ---
[DEBUG] Dependency collection stats {ConflictMarker.analyzeTime=95500, ConflictMarker.markTime=32100, ConflictMarker.nodeCount=13, ConflictIdSorter.graphTime=36100, ConflictIdSorter.topsortTime=25200, ConflictIdSorter.conflictIdCount=9, ConflictIdSorter.conflictIdCycleCount=0, ConflictResolver.totalTime=321900, ConflictResolver.conflictItemCount=13, DfDependencyCollector.collectTime=82244000, DfDependencyCollector.transformTime=545000}
[DEBUG] org.apache.maven.plugins:maven-resources-plugin:jar:3.3.1
[DEBUG]    org.codehaus.plexus:plexus-interpolation:jar:1.26:runtime
[DEBUG]    org.codehaus.plexus:plexus-utils:jar:3.5.1:compile
[DEBUG]    org.apache.maven.shared:maven-filtering:jar:3.3.1:compile
[DEBUG]       javax.inject:javax.inject:jar:1:compile
[DEBUG]       org.slf4j:slf4j-api:jar:1.7.36:compile
[DEBUG]       org.sonatype.plexus:plexus-build-api:jar:0.0.7:compile
[DEBUG]    commons-io:commons-io:jar:2.11.0:compile
[DEBUG]    org.apache.commons:commons-lang3:jar:3.12.0:compile
[DEBUG] Created new class realm plugin>org.apache.maven.plugins:maven-resources-plugin:3.3.1
[DEBUG] Importing foreign packages into class realm plugin>org.apache.maven.plugins:maven-resources-plugin:3.3.1
[DEBUG]   Imported:  < maven.api
[DEBUG] Populating class realm plugin>org.apache.maven.plugins:maven-resources-plugin:3.3.1
[DEBUG]   Included: org.apache.maven.plugins:maven-resources-plugin:jar:3.3.1
[DEBUG]   Included: org.codehaus.plexus:plexus-interpolation:jar:1.26
[DEBUG]   Included: org.codehaus.plexus:plexus-utils:jar:3.5.1
[DEBUG]   Included: org.apache.maven.shared:maven-filtering:jar:3.3.1
[DEBUG]   Included: org.sonatype.plexus:plexus-build-api:jar:0.0.7
[DEBUG]   Included: commons-io:commons-io:jar:2.11.0
[DEBUG]   Included: org.apache.commons:commons-lang3:jar:3.12.0
[DEBUG] Loading mojo org.apache.maven.plugins:maven-resources-plugin:3.3.1:resources from plugin realm ClassRealm[plugin>org.apache.maven.plugins:maven-resources-plugin:3.3.1, parent: jdk.internal.loader.ClassLoaders$AppClassLoader@33909752]
[DEBUG] Configuring mojo execution 'org.apache.maven.plugins:maven-resources-plugin:3.3.1:resources:default-resources' with basic configurator -->
[DEBUG]   (f) addDefaultExcludes = true
[DEBUG]   (f) buildFilters = []
[DEBUG]   (s) delimiters = [@]
[DEBUG]   (f) encoding = UTF-8
[DEBUG]   (f) escapeWindowsPaths = true
[DEBUG]   (f) fileNameFiltering = false
[DEBUG]   (s) includeEmptyDirs = false
[DEBUG]   (s) outputDirectory = C:\work\s3-upload-service\s3-upload-service\target\classes
[DEBUG]   (s) overwrite = false
[DEBUG]   (f) project = MavenProject: com.example:s3-upload-service:1.0.0 @ C:\work\s3-upload-service\s3-upload-service\pom.xml
[DEBUG]   (f) propertiesEncoding = UTF-8
[DEBUG]   (s) resources = [Resource {targetPath: null, filtering: true, FileSet {directory: C:\work\s3-upload-service\s3-upload-service\src\main\resources, PatternSet [includes: {**/application*.yml, **/application*.yaml, **/application*.properties}, excludes: {}]}}, Resource {targetPath: null, filtering: false, FileSet {directory: C:\work\s3-upload-service\s3-upload-service\src\main\resources, PatternSet [includes: {}, excludes: {**/application*.yml, **/application*.yaml, **/application*.properties}]}}]
[DEBUG]   (f) session = org.apache.maven.execution.MavenSession@71e4b308
[DEBUG]   (f) skip = false
[DEBUG]   (f) supportMultiLineFiltering = false
[DEBUG]   (f) useBuildFilters = true
[DEBUG]   (s) useDefaultDelimiters = false
[DEBUG] -- end configuration --
[DEBUG] properties used:
[DEBUG] activemq.version: 5.18.3
[DEBUG] angus-mail.version: 2.0.2
[DEBUG] artemis.version: 2.31.2
[DEBUG] aspectj.version: 1.9.20.1
[DEBUG] assertj.version: 3.24.2
[DEBUG] awaitility.version: 4.2.0
[DEBUG] brave.version: 5.16.0
[DEBUG] build-helper-maven-plugin.version: 3.4.0
[DEBUG] byte-buddy.version: 1.14.10
[DEBUG] cache2k.version: 2.6.1.Final
[DEBUG] caffeine.version: 3.1.8
[DEBUG] cassandra-driver.version: 4.17.0
[DEBUG] classmate.version: 1.6.0
[DEBUG] classworlds.conf: C:\apache-maven-3.9.9-bin\apache-maven-3.9.9\bin\m2.conf
[DEBUG] commons-codec.version: 1.16.0
[DEBUG] commons-dbcp2.version: 2.10.0
[DEBUG] commons-lang3.version: 3.13.0
[DEBUG] commons-pool.version: 1.6
[DEBUG] commons-pool2.version: 2.12.0
[DEBUG] couchbase-client.version: 3.4.11
[DEBUG] crac.version: 1.4.0
[DEBUG] db2-jdbc.version: 11.5.9.0
[DEBUG] dependency-management-plugin.version: 1.1.4
[DEBUG] derby.version: 10.16.1.1
[DEBUG] dropwizard-metrics.version: 4.2.22
[DEBUG] ehcache3.version: 3.10.8
[DEBUG] elasticsearch-client.version: 8.10.4
[DEBUG] env.=::: ::\
[DEBUG] env.=C:: C:\work\s3-upload-service\s3-upload-service
[DEBUG] env.ALLUSERSPROFILE: C:\ProgramData
[DEBUG] env.APPDATA: C:\Users\saile\AppData\Roaming
[DEBUG] env.CLASSWORLDS_JAR: "C:\apache-maven-3.9.9-bin\apache-maven-3.9.9\boot\plexus-classworlds-2.8.0.jar"
[DEBUG] env.CLASSWORLDS_LAUNCHER: org.codehaus.plexus.classworlds.launcher.Launcher
[DEBUG] env.COMMONPROGRAMFILES: C:\Program Files\Common Files
[DEBUG] env.COMMONPROGRAMFILES(X86): C:\Program Files (x86)\Common Files
[DEBUG] env.COMMONPROGRAMW6432: C:\Program Files\Common Files
[DEBUG] env.COMPUTERNAME: SS-WINDOWS
[DEBUG] env.COMSPEC: C:\WINDOWS\system32\cmd.exe
[DEBUG] env.DRIVERDATA: C:\Windows\System32\Drivers\DriverData
[DEBUG] env.EFC_11092_1592913036: 1
[DEBUG] env.ERLANG_HOME: C:\Program Files\Erlang OTP
[DEBUG] env.ERROR_CODE: 0
[DEBUG] env.EXEC_DIR: C:\work\s3-upload-service\s3-upload-service
[DEBUG] env.HOMEDRIVE: C:
[DEBUG] env.HOMEPATH: \Users\saile
[DEBUG] env.INTELLIJ IDEA COMMUNITY EDITION: C:\Program Files\JetBrains\IntelliJ IDEA Community Edition 2024.3.1\bin;
[DEBUG] env.JAVACMD: C:\Program Files\Java\jdk-23\bin\java.exe
[DEBUG] env.JAVA_HOME: C:\Program Files\Java\jdk-23
[DEBUG] env.JETBRAINS_INTELLIJ_COMMAND_END_MARKER: qSHWDZ8EgxFnH28Mi6zJnAlHtSSpjU0oSSBgwR0b4iQ4jxeOhpQ3z2hCQFeHYpBx
[DEBUG] env.JVMCONFIG: \.mvn\jvm.config
[DEBUG] env.LOCALAPPDATA: C:\Users\saile\AppData\Local
[DEBUG] env.LOGONSERVER: \\SS-WINDOWS
[DEBUG] env.MAVEN_CMD_LINE_ARGS: clean compile -X
[DEBUG] env.MAVEN_HOME: C:\apache-maven-3.9.9-bin\apache-maven-3.9.9
[DEBUG] env.MAVEN_PROJECTBASEDIR: C:\work\s3-upload-service\s3-upload-service
[DEBUG] env.NUMBER_OF_PROCESSORS: 8
[DEBUG] env.ONEDRIVE: C:\Users\saile\OneDrive
[DEBUG] env.ONEDRIVECONSUMER: C:\Users\saile\OneDrive
[DEBUG] env.OPENSSL_CONF: C:\Program Files\PostgreSQL\psqlODBC\etc\openssl.cnf
[DEBUG] env.OS: Windows_NT
[DEBUG] env.PATH: C:\Program Files\Common Files\Oracle\Java\javapath;C:\WINDOWS\system32;C:\WINDOWS;C:\WINDOWS\System32\Wbem;C:\WINDOWS\System32\WindowsPowerShell\v1.0\;C:\WINDOWS\System32\OpenSSH\;C:\Program Files\nodejs\;C:\Program Files\dotnet\;C:\Program Files\Docker\Docker\resources\bin;C:\Program Files\Git\cmd;C:\Users\saile\AppData\Local\Programs\Python\Python313\Scripts\;C:\Users\saile\AppData\Local\Programs\Python\Python313\;C:\Users\saile\AppData\Local\Programs\Python\Launcher\;C:\Users\saile\AppData\Local\Microsoft\WindowsApps;C:\Program Files\JetBrains\IntelliJ IDEA Community Edition 2024.3.1\bin;;C:\Users\saile\AppData\Local\Programs\Microsoft VS Code\bin;C:\Users\saile\AppData\Roaming\npm;C:\Program Files\Java\jdk-23\bin;C:\apache-maven-3.9.9-bin\apache-maven-3.9.9\bin;C:\Users\saile\AppData\Local\GitHubDesktop\bin;C:\Users\saile\AppData\Local\Pandoc\
[DEBUG] env.PATHEXT: .COM;.EXE;.BAT;.CMD;.VBS;.VBE;.JS;.JSE;.WSF;.WSH;.MSC;.CPL
[DEBUG] env.PROCESSOR_ARCHITECTURE: AMD64
[DEBUG] env.PROCESSOR_IDENTIFIER: Intel64 Family 6 Model 140 Stepping 1, GenuineIntel
[DEBUG] env.PROCESSOR_LEVEL: 6
[DEBUG] env.PROCESSOR_REVISION: 8c01
[DEBUG] env.PROGRAMDATA: C:\ProgramData
[DEBUG] env.PROGRAMFILES: C:\Program Files
[DEBUG] env.PROGRAMFILES(X86): C:\Program Files (x86)
[DEBUG] env.PROGRAMW6432: C:\Program Files
[DEBUG] env.PROMPT: $P$G
[DEBUG] env.PSEXECUTIONPOLICYPREFERENCE: Bypass
[DEBUG] env.PSMODULEPATH: C:\Users\saile\OneDrive\Documents\WindowsPowerShell\Modules;C:\Program Files\WindowsPowerShell\Modules;C:\WINDOWS\system32\WindowsPowerShell\v1.0\Modules
[DEBUG] env.PUBLIC: C:\Users\Public
[DEBUG] env.SESSIONNAME: Console
[DEBUG] env.SYSTEMDRIVE: C:
[DEBUG] env.SYSTEMROOT: C:\WINDOWS
[DEBUG] env.TEMP: C:\Users\saile\AppData\Local\Temp
[DEBUG] env.TERMINAL_EMULATOR: JetBrains-JediTerm
[DEBUG] env.TERM_SESSION_ID: 7fbd08d2-bff6-4b1f-b343-4229443002a0
[DEBUG] env.TMP: C:\Users\saile\AppData\Local\Temp
[DEBUG] env.USERDOMAIN: SS-WINDOWS
[DEBUG] env.USERDOMAIN_ROAMINGPROFILE: SS-WINDOWS
[DEBUG] env.USERNAME: saile
[DEBUG] env.USERPROFILE: C:\Users\saile
[DEBUG] env.WDIR: C:\
[DEBUG] env.WINDIR: C:\WINDOWS
[DEBUG] env.ZES_ENABLE_SYSMAN: 1
[DEBUG] file.encoding: UTF-8
[DEBUG] file.separator: \
[DEBUG] flyway.version: 9.22.3
[DEBUG] freemarker.version: 2.3.32
[DEBUG] git-commit-id-maven-plugin.version: 6.0.0
[DEBUG] glassfish-jaxb.version: 4.0.4
[DEBUG] glassfish-jstl.version: 3.0.1
[DEBUG] graphql-java.version: 21.3
[DEBUG] groovy.version: 4.0.15
[DEBUG] gson.version: 2.10.1
[DEBUG] h2.version: 2.2.224
[DEBUG] hamcrest.version: 2.2
[DEBUG] hazelcast.version: 5.3.6
[DEBUG] hibernate-validator.version: 8.0.1.Final
[DEBUG] hibernate.version: 6.3.1.Final
[DEBUG] hikaricp.version: 5.0.1
[DEBUG] hsqldb.version: 2.7.2
[DEBUG] htmlunit.version: 2.70.0
[DEBUG] httpasyncclient.version: 4.1.5
[DEBUG] httpclient5.version: 5.2.1
[DEBUG] httpcore.version: 4.4.16
[DEBUG] httpcore5.version: 5.2.3
[DEBUG] infinispan.version: 14.0.21.Final
[DEBUG] influxdb-java.version: 2.23
[DEBUG] jackson-bom.version: 2.15.3
[DEBUG] jakarta-activation.version: 2.1.2
[DEBUG] jakarta-annotation.version: 2.1.1
[DEBUG] jakarta-jms.version: 3.1.0
[DEBUG] jakarta-json-bind.version: 3.0.0
[DEBUG] jakarta-json.version: 2.1.3
[DEBUG] jakarta-mail.version: 2.1.2
[DEBUG] jakarta-management.version: 1.1.4
[DEBUG] jakarta-persistence.version: 3.1.0
[DEBUG] jakarta-servlet-jsp-jstl.version: 3.0.0
[DEBUG] jakarta-servlet.version: 6.0.0
[DEBUG] jakarta-transaction.version: 2.0.1
[DEBUG] jakarta-validation.version: 3.0.2
[DEBUG] jakarta-websocket.version: 2.1.1
[DEBUG] jakarta-ws-rs.version: 3.1.0
[DEBUG] jakarta-xml-bind.version: 4.0.1
[DEBUG] jakarta-xml-soap.version: 3.0.1
[DEBUG] jakarta-xml-ws.version: 4.0.1
[DEBUG] janino.version: 3.1.10
[DEBUG] java.class.path: C:\apache-maven-3.9.9-bin\apache-maven-3.9.9\boot\plexus-classworlds-2.8.0.jar
[DEBUG] java.class.version: 67.0
[DEBUG] java.home: C:\Program Files\Java\jdk-23
[DEBUG] java.io.tmpdir: C:\Users\saile\AppData\Local\Temp\
[DEBUG] java.library.path: C:\Program Files\Java\jdk-23\bin;C:\WINDOWS\Sun\Java\bin;C:\WINDOWS\system32;C:\WINDOWS;C:\Program Files\Common Files\Oracle\Java\javapath;C:\WINDOWS\system32;C:\WINDOWS;C:\WINDOWS\System32\Wbem;C:\WINDOWS\System32\WindowsPowerShell\v1.0\;C:\WINDOWS\System32\OpenSSH\;C:\Program Files\nodejs\;C:\Program Files\dotnet\;C:\Program Files\Docker\Docker\resources\bin;C:\Program Files\Git\cmd;C:\Users\saile\AppData\Local\Programs\Python\Python313\Scripts\;C:\Users\saile\AppData\Local\Programs\Python\Python313\;C:\Users\saile\AppData\Local\Programs\Python\Launcher\;C:\Users\saile\AppData\Local\Microsoft\WindowsApps;C:\Program Files\JetBrains\IntelliJ IDEA Community Edition 2024.3.1\bin;;C:\Users\saile\AppData\Local\Programs\Microsoft VS Code\bin;C:\Users\saile\AppData\Roaming\npm;C:\Program Files\Java\jdk-23\bin;C:\apache-maven-3.9.9-bin\apache-maven-3.9.9\bin;C:\Users\saile\AppData\Local\GitHubDesktop\bin;C:\Users\saile\AppData\Local\Pandoc\;.
[DEBUG] java.runtime.name: Java(TM) SE Runtime Environment
[DEBUG] java.runtime.version: 23.0.1+11-39
[DEBUG] java.specification.name: Java Platform API Specification
[DEBUG] java.specification.vendor: Oracle Corporation
[DEBUG] java.specification.version: 23
[DEBUG] java.vendor: Oracle Corporation
[DEBUG] java.vendor.url: https://java.oracle.com/
[DEBUG] java.vendor.url.bug: https://bugreport.java.com/bugreport/
[DEBUG] java.version: 23.0.1
[DEBUG] java.version.date: 2024-10-15
[DEBUG] java.vm.compressedOopsMode: 32-bit
[DEBUG] java.vm.info: mixed mode, sharing
[DEBUG] java.vm.name: Java HotSpot(TM) 64-Bit Server VM
[DEBUG] java.vm.specification.name: Java Virtual Machine Specification
[DEBUG] java.vm.specification.vendor: Oracle Corporation
[DEBUG] java.vm.specification.version: 23
[DEBUG] java.vm.vendor: Oracle Corporation
[DEBUG] java.vm.version: 23.0.1+11-39
[DEBUG] javax-cache.version: 1.1.1
[DEBUG] javax-money.version: 1.1
[DEBUG] jaxen.version: 2.0.0
[DEBUG] jaybird.version: 5.0.2.java11
[DEBUG] jboss-logging.version: 3.5.3.Final
[DEBUG] jdk.debug: release
[DEBUG] jdom2.version: 2.0.6.1
[DEBUG] jedis.version: 5.0.2
[DEBUG] jersey.version: 3.1.3
[DEBUG] jetty-reactive-httpclient.version: 4.0.1
[DEBUG] jetty.version: 12.0.3
[DEBUG] jmustache.version: 1.15
[DEBUG] jooq.version: 3.18.7
[DEBUG] json-path.version: 2.8.0
[DEBUG] json-smart.version: 2.5.0
[DEBUG] jsonassert.version: 1.5.1
[DEBUG] jtds.version: 1.3.1
[DEBUG] junit-jupiter.version: 5.10.1
[DEBUG] junit.version: 4.13.2
[DEBUG] kafka.version: 3.6.0
[DEBUG] kotlin-coroutines.version: 1.7.3
[DEBUG] kotlin-serialization.version: 1.6.1
[DEBUG] kotlin.version: 1.9.20
[DEBUG] lettuce.version: 6.3.0.RELEASE
[DEBUG] library.jansi.path: C:\apache-maven-3.9.9-bin\apache-maven-3.9.9\lib\jansi-native
[DEBUG] line.separator: 

[DEBUG] liquibase.version: 4.24.0
[DEBUG] log4j2.version: 2.21.1
[DEBUG] logback.version: 1.4.11
[DEBUG] lombok.version: 1.18.30
[DEBUG] mariadb.version: 3.2.0
[DEBUG] maven-antrun-plugin.version: 3.1.0
[DEBUG] maven-assembly-plugin.version: 3.6.0
[DEBUG] maven-clean-plugin.version: 3.3.2
[DEBUG] maven-compiler-plugin.version: 3.11.0
[DEBUG] maven-dependency-plugin.version: 3.6.1
[DEBUG] maven-deploy-plugin.version: 3.1.1
[DEBUG] maven-enforcer-plugin.version: 3.4.1
[DEBUG] maven-failsafe-plugin.version: 3.1.2
[DEBUG] maven-help-plugin.version: 3.4.0
[DEBUG] maven-install-plugin.version: 3.1.1
[DEBUG] maven-invoker-plugin.version: 3.6.0
[DEBUG] maven-jar-plugin.version: 3.3.0
[DEBUG] maven-javadoc-plugin.version: 3.6.2
[DEBUG] maven-resources-plugin.version: 3.3.1
[DEBUG] maven-shade-plugin.version: 3.5.1
[DEBUG] maven-source-plugin.version: 3.3.0
[DEBUG] maven-surefire-plugin.version: 3.1.2
[DEBUG] maven-war-plugin.version: 3.4.0
[DEBUG] maven.build.timestamp: 2025-07-17T02:18:48Z
[DEBUG] maven.build.version: Apache Maven 3.9.9 (8e8579a9e76f7d015ee5ec7bfcdc97d260186937)
[DEBUG] maven.compiler.release: 17
[DEBUG] maven.conf: C:\apache-maven-3.9.9-bin\apache-maven-3.9.9/conf
[DEBUG] maven.home: C:\apache-maven-3.9.9-bin\apache-maven-3.9.9
[DEBUG] maven.multiModuleProjectDirectory: C:\work\s3-upload-service\s3-upload-service
[DEBUG] maven.version: 3.9.9
[DEBUG] micrometer-tracing.version: 1.2.0
[DEBUG] micrometer.version: 1.12.0
[DEBUG] mockito.version: 5.7.0
[DEBUG] mongodb.version: 4.11.1
[DEBUG] mssql-jdbc.version: 12.4.2.jre11
[DEBUG] mysql.version: 8.1.0
[DEBUG] native-build-tools-plugin.version: 0.9.28
[DEBUG] native.encoding: Cp1252
[DEBUG] nekohtml.version: 1.9.22
[DEBUG] neo4j-java-driver.version: 5.13.0
[DEBUG] netty.version: 4.1.101.Final
[DEBUG] okhttp.version: 4.12.0
[DEBUG] opentelemetry.version: 1.31.0
[DEBUG] oracle-database.version: 23.3.0.23.09
[DEBUG] oracle-r2dbc.version: 1.1.1
[DEBUG] os.arch: amd64
[DEBUG] os.name: Windows 11
[DEBUG] os.version: 10.0
[DEBUG] path.separator: ;
[DEBUG] pooled-jms.version: 3.1.5
[DEBUG] postgresql.version: 42.6.0
[DEBUG] project.baseUri: file:/C:/work/s3-upload-service/s3-upload-service/
[DEBUG] project.build.sourceEncoding: UTF-8
[DEBUG] project.reporting.outputEncoding: UTF-8
[DEBUG] prometheus-client.version: 0.16.0
[DEBUG] pulsar-reactive.version: 0.5.0
[DEBUG] pulsar.version: 3.1.1
[DEBUG] quartz.version: 2.3.2
[DEBUG] querydsl.version: 5.0.0
[DEBUG] r2dbc-h2.version: 1.0.0.RELEASE
[DEBUG] r2dbc-mariadb.version: 1.1.4
[DEBUG] r2dbc-mssql.version: 1.0.2.RELEASE
[DEBUG] r2dbc-mysql.version: 1.0.5
[DEBUG] r2dbc-pool.version: 1.0.1.RELEASE
[DEBUG] r2dbc-postgresql.version: 1.0.2.RELEASE
[DEBUG] r2dbc-proxy.version: 1.1.2.RELEASE
[DEBUG] r2dbc-spi.version: 1.0.0.RELEASE
[DEBUG] rabbit-amqp-client.version: 5.19.0
[DEBUG] rabbit-stream-client.version: 0.14.0
[DEBUG] reactive-streams.version: 1.0.4
[DEBUG] reactor-bom.version: 2023.0.0
[DEBUG] resource.delimiter: @
[DEBUG] rest-assured.version: 5.3.2
[DEBUG] rsocket.version: 1.1.3
[DEBUG] rxjava3.version: 3.1.8
[DEBUG] saaj-impl.version: 3.0.3
[DEBUG] selenium-htmlunit.version: 4.13.0
[DEBUG] selenium.version: 4.14.1
[DEBUG] sendgrid.version: 4.9.3
[DEBUG] slf4j.version: 2.0.9
[DEBUG] snakeyaml.version: 2.2
[DEBUG] spring-amqp.version: 3.1.0
[DEBUG] spring-authorization-server.version: 1.2.0
[DEBUG] spring-batch.version: 5.1.0
[DEBUG] spring-data-bom.version: 2023.1.0
[DEBUG] spring-framework.version: 6.1.1
[DEBUG] spring-graphql.version: 1.2.4
[DEBUG] spring-hateoas.version: 2.2.0
[DEBUG] spring-integration.version: 6.2.0
[DEBUG] spring-kafka.version: 3.1.0
[DEBUG] spring-ldap.version: 3.2.0
[DEBUG] spring-pulsar.version: 1.0.0
[DEBUG] spring-restdocs.version: 3.0.1
[DEBUG] spring-retry.version: 2.0.4
[DEBUG] spring-security.version: 6.2.0
[DEBUG] spring-session.version: 3.2.0
[DEBUG] spring-ws.version: 4.0.8
[DEBUG] sqlite-jdbc.version: 3.43.2.0
[DEBUG] stderr.encoding: cp437
[DEBUG] stdout.encoding: Cp1252
[DEBUG] sun.arch.data.model: 64
[DEBUG] sun.boot.library.path: C:\Program Files\Java\jdk-23\bin
[DEBUG] sun.cpu.endian: little
[DEBUG] sun.cpu.isalist: amd64
[DEBUG] sun.io.unicode.encoding: UnicodeLittle
[DEBUG] sun.java.command: org.codehaus.plexus.classworlds.launcher.Launcher clean compile -X
[DEBUG] sun.java.launcher: SUN_STANDARD
[DEBUG] sun.jnu.encoding: Cp1252
[DEBUG] sun.management.compiler: HotSpot 64-Bit Tiered Compilers
[DEBUG] sun.os.patch.level: 
[DEBUG] testcontainers.version: 1.19.3
[DEBUG] thymeleaf-extras-data-attribute.version: 2.0.1
[DEBUG] thymeleaf-extras-springsecurity.version: 3.1.2.RELEASE
[DEBUG] thymeleaf-layout-dialect.version: 3.3.0
[DEBUG] thymeleaf.version: 3.1.2.RELEASE
[DEBUG] tomcat.version: 10.1.16
[DEBUG] unboundid-ldapsdk.version: 6.0.10
[DEBUG] undertow.version: 2.3.10.Final
[DEBUG] user.country: SG
[DEBUG] user.dir: C:\work\s3-upload-service\s3-upload-service
[DEBUG] user.home: C:\Users\saile
[DEBUG] user.language: en
[DEBUG] user.name: saile
[DEBUG] user.script: 
[DEBUG] user.variant: 
[DEBUG] versions-maven-plugin.version: 2.16.2
[DEBUG] webjars-locator-core.version: 0.55
[DEBUG] wsdl4j.version: 1.6.3
[DEBUG] xml-maven-plugin.version: 1.1.0
[DEBUG] xmlunit2.version: 2.9.1
[DEBUG] yasson.version: 3.0.3
[DEBUG] Using 'UTF-8' encoding to copy filtered resources.
[DEBUG] Using 'UTF-8' encoding to copy filtered properties files.
[DEBUG] resource with targetPath null
directory C:\work\s3-upload-service\s3-upload-service\src\main\resources
excludes []
includes [**/application*.yml, **/application*.yaml, **/application*.properties]
[DEBUG] ignoreDelta true
[INFO] Copying 1 resource from src\main\resources to target\classes
[DEBUG] Copying file application.properties
[DEBUG] file application.properties has a filtered file extension
[DEBUG] Using 'UTF-8' encoding to copy filtered resource 'application.properties'.
[DEBUG] filtering C:\work\s3-upload-service\s3-upload-service\src\main\resources\application.properties to C:\work\s3-upload-service\s3-upload-service\target\classes\application.properties
[DEBUG] resource with targetPath null
directory C:\work\s3-upload-service\s3-upload-service\src\main\resources
excludes [**/application*.yml, **/application*.yaml, **/application*.properties]
includes []
[DEBUG] ignoreDelta true
[INFO] Copying 5 resources from src\main\resources to target\classes
[DEBUG] Copying file archetype-resources\pom.xml
[DEBUG] file pom.xml has a filtered file extension
[DEBUG] Using 'UTF-8' encoding to copy filtered resource 'pom.xml'.
[DEBUG] copy C:\work\s3-upload-service\s3-upload-service\src\main\resources\archetype-resources\pom.xml to C:\work\s3-upload-service\s3-upload-service\target\classes\archetype-resources\pom.xml
[DEBUG] Copying file archetype-resources\src\main\java\App.java
[DEBUG] file App.java has a filtered file extension
[DEBUG] Using 'UTF-8' encoding to copy filtered resource 'App.java'.
[DEBUG] copy C:\work\s3-upload-service\s3-upload-service\src\main\resources\archetype-resources\src\main\java\App.java to C:\work\s3-upload-service\s3-upload-service\target\classes\archetype-resources\src\main\java\App.java
[DEBUG] Copying file archetype-resources\src\test\java\AppTest.java
[DEBUG] file AppTest.java has a filtered file extension
[DEBUG] Using 'UTF-8' encoding to copy filtered resource 'AppTest.java'.
[DEBUG] copy C:\work\s3-upload-service\s3-upload-service\src\main\resources\archetype-resources\src\test\java\AppTest.java to C:\work\s3-upload-service\s3-upload-service\target\classes\archetype-resources\src\test\java\AppTest.java
[DEBUG] Copying file logback-spring.xml
[DEBUG] file logback-spring.xml has a filtered file extension
[DEBUG] Using 'UTF-8' encoding to copy filtered resource 'logback-spring.xml'.
[DEBUG] copy C:\work\s3-upload-service\s3-upload-service\src\main\resources\logback-spring.xml to C:\work\s3-upload-service\s3-upload-service\target\classes\logback-spring.xml
[DEBUG] Copying file META-INF\maven\archetype.xml
[DEBUG] file archetype.xml has a filtered file extension
[DEBUG] Using 'UTF-8' encoding to copy filtered resource 'archetype.xml'.
[DEBUG] copy C:\work\s3-upload-service\s3-upload-service\src\main\resources\META-INF\maven\archetype.xml to C:\work\s3-upload-service\s3-upload-service\target\classes\META-INF\maven\archetype.xml
[DEBUG] no user filter components
[INFO] 
[INFO] --- compiler:3.11.0:compile (default-compile) @ s3-upload-service ---
[DEBUG] Dependency collection stats {ConflictMarker.analyzeTime=68500, ConflictMarker.markTime=25200, ConflictMarker.nodeCount=17, ConflictIdSorter.graphTime=23300, ConflictIdSorter.topsortTime=19100, ConflictIdSorter.conflictIdCount=12, ConflictIdSorter.conflictIdCycleCount=0, ConflictResolver.totalTime=218700, ConflictResolver.conflictItemCount=17, DfDependencyCollector.collectTime=84933200, DfDependencyCollector.transformTime=383800}
[DEBUG] org.apache.maven.plugins:maven-compiler-plugin:jar:3.11.0
[DEBUG]    org.apache.maven.shared:maven-shared-utils:jar:3.3.4:compile
[DEBUG]       commons-io:commons-io:jar:2.6:compile
[DEBUG]    org.apache.maven.shared:maven-shared-incremental:jar:1.1:compile
[DEBUG]       org.codehaus.plexus:plexus-component-annotations:jar:1.5.5:compile
[DEBUG]    org.codehaus.plexus:plexus-java:jar:1.1.2:compile
[DEBUG]       org.ow2.asm:asm:jar:9.4:compile
[DEBUG]       com.thoughtworks.qdox:qdox:jar:2.0.3:compile (version managed from default)
[DEBUG]    org.codehaus.plexus:plexus-compiler-api:jar:2.13.0:compile
[DEBUG]       org.codehaus.plexus:plexus-utils:jar:3.5.0:compile (version managed from default)
[DEBUG]    org.codehaus.plexus:plexus-compiler-manager:jar:2.13.0:compile
[DEBUG]    org.codehaus.plexus:plexus-compiler-javac:jar:2.13.0:runtime
[DEBUG] Created new class realm plugin>org.apache.maven.plugins:maven-compiler-plugin:3.11.0
[DEBUG] Importing foreign packages into class realm plugin>org.apache.maven.plugins:maven-compiler-plugin:3.11.0
[DEBUG]   Imported:  < maven.api
[DEBUG] Populating class realm plugin>org.apache.maven.plugins:maven-compiler-plugin:3.11.0
[DEBUG]   Included: org.apache.maven.plugins:maven-compiler-plugin:jar:3.11.0
[DEBUG]   Included: org.apache.maven.shared:maven-shared-utils:jar:3.3.4
[DEBUG]   Included: commons-io:commons-io:jar:2.6
[DEBUG]   Included: org.apache.maven.shared:maven-shared-incremental:jar:1.1
[DEBUG]   Included: org.codehaus.plexus:plexus-component-annotations:jar:1.5.5
[DEBUG]   Included: org.codehaus.plexus:plexus-java:jar:1.1.2
[DEBUG]   Included: org.ow2.asm:asm:jar:9.4
[DEBUG]   Included: com.thoughtworks.qdox:qdox:jar:2.0.3
[DEBUG]   Included: org.codehaus.plexus:plexus-compiler-api:jar:2.13.0
[DEBUG]   Included: org.codehaus.plexus:plexus-utils:jar:3.5.0
[DEBUG]   Included: org.codehaus.plexus:plexus-compiler-manager:jar:2.13.0
[DEBUG]   Included: org.codehaus.plexus:plexus-compiler-javac:jar:2.13.0
[DEBUG] Loading mojo org.apache.maven.plugins:maven-compiler-plugin:3.11.0:compile from plugin realm ClassRealm[plugin>org.apache.maven.plugins:maven-compiler-plugin:3.11.0, parent: jdk.internal.loader.ClassLoaders$AppClassLoader@33909752]
[DEBUG] Configuring mojo execution 'org.apache.maven.plugins:maven-compiler-plugin:3.11.0:compile:default-compile' with basic configurator -->
[DEBUG]   (f) basedir = C:\work\s3-upload-service\s3-upload-service
[DEBUG]   (f) buildDirectory = C:\work\s3-upload-service\s3-upload-service\target
[DEBUG]   (f) compilePath = [C:\work\s3-upload-service\s3-upload-service\target\classes, C:\Users\saile\.m2\repository\org\springframework\boot\spring-boot-starter-web\3.2.0\spring-boot-starter-web-3.2.0.jar, C:\Users\saile\.m2\repository\org\springframework\boot\spring-boot-starter\3.2.0\spring-boot-starter-3.2.0.jar, C:\Users\saile\.m2\repository\org\springframework\boot\spring-boot\3.2.0\spring-boot-3.2.0.jar, C:\Users\saile\.m2\repository\org\springframework\boot\spring-boot-autoconfigure\3.2.0\spring-boot-autoconfigure-3.2.0.jar, C:\Users\saile\.m2\repository\org\springframework\boot\spring-boot-starter-logging\3.2.0\spring-boot-starter-logging-3.2.0.jar, C:\Users\saile\.m2\repository\ch\qos\logback\logback-classic\1.4.11\logback-classic-1.4.11.jar, C:\Users\saile\.m2\repository\ch\qos\logback\logback-core\1.4.11\logback-core-1.4.11.jar, C:\Users\saile\.m2\repository\org\apache\logging\log4j\log4j-to-slf4j\2.21.1\log4j-to-slf4j-2.21.1.jar, C:\Users\saile\.m2\repository\org\apache\logging\log4j\log4j-api\2.21.1\log4j-api-2.21.1.jar, C:\Users\saile\.m2\repository\org\slf4j\jul-to-slf4j\2.0.9\jul-to-slf4j-2.0.9.jar, C:\Users\saile\.m2\repository\org\yaml\snakeyaml\2.2\snakeyaml-2.2.jar, C:\Users\saile\.m2\repository\org\springframework\boot\spring-boot-starter-json\3.2.0\spring-boot-starter-json-3.2.0.jar, C:\Users\saile\.m2\repository\com\fasterxml\jackson\core\jackson-databind\2.15.3\jackson-databind-2.15.3.jar, C:\Users\saile\.m2\repository\com\fasterxml\jackson\core\jackson-annotations\2.15.3\jackson-annotations-2.15.3.jar, C:\Users\saile\.m2\repository\com\fasterxml\jackson\core\jackson-core\2.15.3\jackson-core-2.15.3.jar, C:\Users\saile\.m2\repository\com\fasterxml\jackson\datatype\jackson-datatype-jdk8\2.15.3\jackson-datatype-jdk8-2.15.3.jar, C:\Users\saile\.m2\repository\com\fasterxml\jackson\datatype\jackson-datatype-jsr310\2.15.3\jackson-datatype-jsr310-2.15.3.jar, C:\Users\saile\.m2\repository\com\fasterxml\jackson\module\jackson-module-parameter-names\2.15.3\jackson-module-parameter-names-2.15.3.jar, C:\Users\saile\.m2\repository\org\springframework\boot\spring-boot-starter-tomcat\3.2.0\spring-boot-starter-tomcat-3.2.0.jar, C:\Users\saile\.m2\repository\org\apache\tomcat\embed\tomcat-embed-core\10.1.16\tomcat-embed-core-10.1.16.jar, C:\Users\saile\.m2\repository\org\apache\tomcat\embed\tomcat-embed-el\10.1.16\tomcat-embed-el-10.1.16.jar, C:\Users\saile\.m2\repository\org\apache\tomcat\embed\tomcat-embed-websocket\10.1.16\tomcat-embed-websocket-10.1.16.jar, C:\Users\saile\.m2\repository\org\springframework\spring-web\6.1.1\spring-web-6.1.1.jar, C:\Users\saile\.m2\repository\org\springframework\spring-beans\6.1.1\spring-beans-6.1.1.jar, C:\Users\saile\.m2\repository\io\micrometer\micrometer-observation\1.12.0\micrometer-observation-1.12.0.jar, C:\Users\saile\.m2\repository\io\micrometer\micrometer-commons\1.12.0\micrometer-commons-1.12.0.jar, C:\Users\saile\.m2\repository\org\springframework\spring-webmvc\6.1.1\spring-webmvc-6.1.1.jar, C:\Users\saile\.m2\repository\org\springframework\spring-aop\6.1.1\spring-aop-6.1.1.jar, C:\Users\saile\.m2\repository\org\springframework\spring-context\6.1.1\spring-context-6.1.1.jar, C:\Users\saile\.m2\repository\org\springframework\spring-expression\6.1.1\spring-expression-6.1.1.jar, C:\Users\saile\.m2\repository\org\springframework\boot\spring-boot-starter-data-jpa\3.2.0\spring-boot-starter-data-jpa-3.2.0.jar, C:\Users\saile\.m2\repository\org\springframework\boot\spring-boot-starter-aop\3.2.0\spring-boot-starter-aop-3.2.0.jar, C:\Users\saile\.m2\repository\org\aspectj\aspectjweaver\1.9.20.1\aspectjweaver-1.9.20.1.jar, C:\Users\saile\.m2\repository\org\springframework\boot\spring-boot-starter-jdbc\3.2.0\spring-boot-starter-jdbc-3.2.0.jar, C:\Users\saile\.m2\repository\com\zaxxer\HikariCP\5.0.1\HikariCP-5.0.1.jar, C:\Users\saile\.m2\repository\org\springframework\spring-jdbc\6.1.1\spring-jdbc-6.1.1.jar, C:\Users\saile\.m2\repository\org\hibernate\orm\hibernate-core\6.3.1.Final\hibernate-core-6.3.1.Final.jar, C:\Users\saile\.m2\repository\jakarta\persistence\jakarta.persistence-api\3.1.0\jakarta.persistence-api-3.1.0.jar, C:\Users\saile\.m2\repository\jakarta\transaction\jakarta.transaction-api\2.0.1\jakarta.transaction-api-2.0.1.jar, C:\Users\saile\.m2\repository\org\antlr\antlr4-runtime\4.10.1\antlr4-runtime-4.10.1.jar, C:\Users\saile\.m2\repository\org\springframework\data\spring-data-jpa\3.2.0\spring-data-jpa-3.2.0.jar, C:\Users\saile\.m2\repository\org\springframework\data\spring-data-commons\3.2.0\spring-data-commons-3.2.0.jar, C:\Users\saile\.m2\repository\org\springframework\spring-orm\6.1.1\spring-orm-6.1.1.jar, C:\Users\saile\.m2\repository\org\springframework\spring-tx\6.1.1\spring-tx-6.1.1.jar, C:\Users\saile\.m2\repository\org\slf4j\slf4j-api\2.0.9\slf4j-api-2.0.9.jar, C:\Users\saile\.m2\repository\org\springframework\spring-aspects\6.1.1\spring-aspects-6.1.1.jar, C:\Users\saile\.m2\repository\org\postgresql\postgresql\42.7.2\postgresql-42.7.2.jar, C:\Users\saile\.m2\repository\com\amazonaws\aws-java-sdk-s3\1.12.563\aws-java-sdk-s3-1.12.563.jar, C:\Users\saile\.m2\repository\com\amazonaws\aws-java-sdk-kms\1.12.563\aws-java-sdk-kms-1.12.563.jar, C:\Users\saile\.m2\repository\com\amazonaws\aws-java-sdk-core\1.12.563\aws-java-sdk-core-1.12.563.jar, C:\Users\saile\.m2\repository\commons-logging\commons-logging\1.1.3\commons-logging-1.1.3.jar, C:\Users\saile\.m2\repository\commons-codec\commons-codec\1.16.0\commons-codec-1.16.0.jar, C:\Users\saile\.m2\repository\org\apache\httpcomponents\httpclient\4.5.13\httpclient-4.5.13.jar, C:\Users\saile\.m2\repository\org\apache\httpcomponents\httpcore\4.4.16\httpcore-4.4.16.jar, C:\Users\saile\.m2\repository\software\amazon\ion\ion-java\1.0.2\ion-java-1.0.2.jar, C:\Users\saile\.m2\repository\com\fasterxml\jackson\dataformat\jackson-dataformat-cbor\2.15.3\jackson-dataformat-cbor-2.15.3.jar, C:\Users\saile\.m2\repository\joda-time\joda-time\2.8.1\joda-time-2.8.1.jar, C:\Users\saile\.m2\repository\com\amazonaws\jmespath-java\1.12.563\jmespath-java-1.12.563.jar, C:\Users\saile\.m2\repository\jakarta\annotation\jakarta.annotation-api\2.1.1\jakarta.annotation-api-2.1.1.jar, C:\Users\saile\.m2\repository\jakarta\xml\bind\jakarta.xml.bind-api\4.0.1\jakarta.xml.bind-api-4.0.1.jar, C:\Users\saile\.m2\repository\jakarta\activation\jakarta.activation-api\2.1.2\jakarta.activation-api-2.1.2.jar, C:\Users\saile\.m2\repository\org\springframework\spring-core\6.1.1\spring-core-6.1.1.jar, C:\Users\saile\.m2\repository\org\springframework\spring-jcl\6.1.1\spring-jcl-6.1.1.jar, C:\Users\saile\.m2\repository\org\springframework\boot\spring-boot-starter-amqp\3.2.0\spring-boot-starter-amqp-3.2.0.jar, C:\Users\saile\.m2\repository\org\springframework\spring-messaging\6.1.1\spring-messaging-6.1.1.jar, C:\Users\saile\.m2\repository\org\springframework\amqp\spring-rabbit\3.1.0\spring-rabbit-3.1.0.jar, C:\Users\saile\.m2\repository\org\springframework\amqp\spring-amqp\3.1.0\spring-amqp-3.1.0.jar, C:\Users\saile\.m2\repository\org\springframework\retry\spring-retry\2.0.4\spring-retry-2.0.4.jar, C:\Users\saile\.m2\repository\com\rabbitmq\amqp-client\5.19.0\amqp-client-5.19.0.jar, C:\Users\saile\.m2\repository\org\springdoc\springdoc-openapi-starter-webmvc-ui\2.5.0\springdoc-openapi-starter-webmvc-ui-2.5.0.jar, C:\Users\saile\.m2\repository\org\springdoc\springdoc-openapi-starter-webmvc-api\2.5.0\springdoc-openapi-starter-webmvc-api-2.5.0.jar, C:\Users\saile\.m2\repository\org\springdoc\springdoc-openapi-starter-common\2.5.0\springdoc-openapi-starter-common-2.5.0.jar, C:\Users\saile\.m2\repository\io\swagger\core\v3\swagger-core-jakarta\2.2.21\swagger-core-jakarta-2.2.21.jar, C:\Users\saile\.m2\repository\org\apache\commons\commons-lang3\3.13.0\commons-lang3-3.13.0.jar, C:\Users\saile\.m2\repository\io\swagger\core\v3\swagger-annotations-jakarta\2.2.21\swagger-annotations-jakarta-2.2.21.jar, C:\Users\saile\.m2\repository\io\swagger\core\v3\swagger-models-jakarta\2.2.21\swagger-models-jakarta-2.2.21.jar, C:\Users\saile\.m2\repository\jakarta\validation\jakarta.validation-api\3.0.2\jakarta.validation-api-3.0.2.jar, C:\Users\saile\.m2\repository\com\fasterxml\jackson\dataformat\jackson-dataformat-yaml\2.15.3\jackson-dataformat-yaml-2.15.3.jar, C:\Users\saile\.m2\repository\org\webjars\swagger-ui\5.13.0\swagger-ui-5.13.0.jar]
[DEBUG]   (f) compileSourceRoots = [C:\work\s3-upload-service\s3-upload-service\src\main\java]
[DEBUG]   (f) compilerId = javac
[DEBUG]   (f) createMissingPackageInfoClass = true
[DEBUG]   (f) debug = true
[DEBUG]   (f) debugFileName = javac
[DEBUG]   (f) enablePreview = false
[DEBUG]   (f) encoding = UTF-8
[DEBUG]   (f) failOnError = true
[DEBUG]   (f) failOnWarning = false
[DEBUG]   (f) forceJavacCompilerUse = false
[DEBUG]   (f) fork = false
[DEBUG]   (f) generatedSourcesDirectory = C:\work\s3-upload-service\s3-upload-service\target\generated-sources\annotations
[DEBUG]   (f) mojoExecution = org.apache.maven.plugins:maven-compiler-plugin:3.11.0:compile {execution: default-compile}
[DEBUG]   (f) optimize = false
[DEBUG]   (f) outputDirectory = C:\work\s3-upload-service\s3-upload-service\target\classes
[DEBUG]   (f) parameters = true
[DEBUG]   (f) project = MavenProject: com.example:s3-upload-service:1.0.0 @ C:\work\s3-upload-service\s3-upload-service\pom.xml
[DEBUG]   (f) projectArtifact = com.example:s3-upload-service:jar:1.0.0
[DEBUG]   (s) release = 21
[DEBUG]   (f) session = org.apache.maven.execution.MavenSession@71e4b308
[DEBUG]   (f) showCompilationChanges = false
[DEBUG]   (f) showDeprecation = false
[DEBUG]   (f) showWarnings = true
[DEBUG]   (f) skipMultiThreadWarning = false
[DEBUG]   (f) source = 1.8
[DEBUG]   (f) staleMillis = 0
[DEBUG]   (s) target = 1.8
[DEBUG]   (f) useIncrementalCompilation = true
[DEBUG]   (f) verbose = false
[DEBUG] -- end configuration --
[DEBUG] Using compiler 'javac'.
[DEBUG] Adding C:\work\s3-upload-service\s3-upload-service\target\generated-sources\annotations to compile source roots:
  C:\work\s3-upload-service\s3-upload-service\src\main\java
[DEBUG] New compile source roots:
  C:\work\s3-upload-service\s3-upload-service\src\main\java
  C:\work\s3-upload-service\s3-upload-service\target\generated-sources\annotations
[DEBUG] CompilerReuseStrategy: reuseCreated
[DEBUG] useIncrementalCompilation enabled
[DEBUG] Stale source detected: C:\work\s3-upload-service\s3-upload-service\src\main\java\com\ch\carinspection\imgupl\config\UploadConfig.java
[DEBUG] Stale source detected: C:\work\s3-upload-service\s3-upload-service\src\main\java\com\ch\carinspection\imgupl\model\ScanStatus.java
[DEBUG] Stale source detected: C:\work\s3-upload-service\s3-upload-service\src\main\java\com\ch\carinspection\imgupl\service\repository\ImageRepository.java
[DEBUG] Stale source detected: C:\work\s3-upload-service\s3-upload-service\src\main\java\com\ch\carinspection\imgupl\service\RabbitMQSender.java
[DEBUG] Stale source detected: C:\work\s3-upload-service\s3-upload-service\src\main\java\com\ch\carinspection\imgupl\service\UploadService.java
[DEBUG] Stale source detected: C:\work\s3-upload-service\s3-upload-service\src\main\java\com\ch\carinspection\imgupl\config\RabbitMQConfig.java
[DEBUG] Stale source detected: C:\work\s3-upload-service\s3-upload-service\src\main\java\com\ch\carinspection\imgupl\dto\UploadResponseDTO.java
[DEBUG] Stale source detected: C:\work\s3-upload-service\s3-upload-service\src\main\java\com\ch\carinspection\imgupl\controller\ScanController.java
[DEBUG] Stale source detected: C:\work\s3-upload-service\s3-upload-service\src\main\java\com\ch\carinspection\imgupl\controller\UploadController.java
[DEBUG] Stale source detected: C:\work\s3-upload-service\s3-upload-service\src\main\java\com\ch\carinspection\imgupl\service\ScanService.java
[DEBUG] Stale source detected: C:\work\s3-upload-service\s3-upload-service\src\main\java\com\ch\carinspection\imgupl\impl\ScanServiceImpl.java
[DEBUG] Stale source detected: C:\work\s3-upload-service\s3-upload-service\src\main\java\com\ch\carinspection\imgupl\CarInspectionApplication.java
[DEBUG] Stale source detected: C:\work\s3-upload-service\s3-upload-service\src\main\java\com\ch\carinspection\imgupl\listener\ScanListener.java
[DEBUG] Stale source detected: C:\work\s3-upload-service\s3-upload-service\src\main\java\com\ch\carinspection\imgupl\rabbit\ImageScanConsumer.java
[DEBUG] Stale source detected: C:\work\s3-upload-service\s3-upload-service\src\main\java\com\ch\carinspection\imgupl\model\Image.java
[DEBUG] Stale source detected: C:\work\s3-upload-service\s3-upload-service\src\main\java\com\ch\carinspection\imgupl\service\ProgressTracker.java
[INFO] Changes detected - recompiling the module! :source
[DEBUG] Classpath:
[DEBUG]  C:\work\s3-upload-service\s3-upload-service\target\classes
[DEBUG]  C:\Users\saile\.m2\repository\org\springframework\boot\spring-boot-starter-web\3.2.0\spring-boot-starter-web-3.2.0.jar
[DEBUG]  C:\Users\saile\.m2\repository\org\springframework\boot\spring-boot-starter\3.2.0\spring-boot-starter-3.2.0.jar
[DEBUG]  C:\Users\saile\.m2\repository\org\springframework\boot\spring-boot\3.2.0\spring-boot-3.2.0.jar
[DEBUG]  C:\Users\saile\.m2\repository\org\springframework\boot\spring-boot-autoconfigure\3.2.0\spring-boot-autoconfigure-3.2.0.jar
[DEBUG]  C:\Users\saile\.m2\repository\org\springframework\boot\spring-boot-starter-logging\3.2.0\spring-boot-starter-logging-3.2.0.jar
[DEBUG]  C:\Users\saile\.m2\repository\ch\qos\logback\logback-classic\1.4.11\logback-classic-1.4.11.jar
[DEBUG]  C:\Users\saile\.m2\repository\ch\qos\logback\logback-core\1.4.11\logback-core-1.4.11.jar
[DEBUG]  C:\Users\saile\.m2\repository\org\apache\logging\log4j\log4j-to-slf4j\2.21.1\log4j-to-slf4j-2.21.1.jar
[DEBUG]  C:\Users\saile\.m2\repository\org\apache\logging\log4j\log4j-api\2.21.1\log4j-api-2.21.1.jar
[DEBUG]  C:\Users\saile\.m2\repository\org\slf4j\jul-to-slf4j\2.0.9\jul-to-slf4j-2.0.9.jar
[DEBUG]  C:\Users\saile\.m2\repository\org\yaml\snakeyaml\2.2\snakeyaml-2.2.jar
[DEBUG]  C:\Users\saile\.m2\repository\org\springframework\boot\spring-boot-starter-json\3.2.0\spring-boot-starter-json-3.2.0.jar
[DEBUG]  C:\Users\saile\.m2\repository\com\fasterxml\jackson\core\jackson-databind\2.15.3\jackson-databind-2.15.3.jar
[DEBUG]  C:\Users\saile\.m2\repository\com\fasterxml\jackson\core\jackson-annotations\2.15.3\jackson-annotations-2.15.3.jar
[DEBUG]  C:\Users\saile\.m2\repository\com\fasterxml\jackson\core\jackson-core\2.15.3\jackson-core-2.15.3.jar
[DEBUG]  C:\Users\saile\.m2\repository\com\fasterxml\jackson\datatype\jackson-datatype-jdk8\2.15.3\jackson-datatype-jdk8-2.15.3.jar
[DEBUG]  C:\Users\saile\.m2\repository\com\fasterxml\jackson\datatype\jackson-datatype-jsr310\2.15.3\jackson-datatype-jsr310-2.15.3.jar
[DEBUG]  C:\Users\saile\.m2\repository\com\fasterxml\jackson\module\jackson-module-parameter-names\2.15.3\jackson-module-parameter-names-2.15.3.jar
[DEBUG]  C:\Users\saile\.m2\repository\org\springframework\boot\spring-boot-starter-tomcat\3.2.0\spring-boot-starter-tomcat-3.2.0.jar
[DEBUG]  C:\Users\saile\.m2\repository\org\apache\tomcat\embed\tomcat-embed-core\10.1.16\tomcat-embed-core-10.1.16.jar
[DEBUG]  C:\Users\saile\.m2\repository\org\apache\tomcat\embed\tomcat-embed-el\10.1.16\tomcat-embed-el-10.1.16.jar
[DEBUG]  C:\Users\saile\.m2\repository\org\apache\tomcat\embed\tomcat-embed-websocket\10.1.16\tomcat-embed-websocket-10.1.16.jar
[DEBUG]  C:\Users\saile\.m2\repository\org\springframework\spring-web\6.1.1\spring-web-6.1.1.jar
[DEBUG]  C:\Users\saile\.m2\repository\org\springframework\spring-beans\6.1.1\spring-beans-6.1.1.jar
[DEBUG]  C:\Users\saile\.m2\repository\io\micrometer\micrometer-observation\1.12.0\micrometer-observation-1.12.0.jar
[DEBUG]  C:\Users\saile\.m2\repository\io\micrometer\micrometer-commons\1.12.0\micrometer-commons-1.12.0.jar
[DEBUG]  C:\Users\saile\.m2\repository\org\springframework\spring-webmvc\6.1.1\spring-webmvc-6.1.1.jar
[DEBUG]  C:\Users\saile\.m2\repository\org\springframework\spring-aop\6.1.1\spring-aop-6.1.1.jar
[DEBUG]  C:\Users\saile\.m2\repository\org\springframework\spring-context\6.1.1\spring-context-6.1.1.jar
[DEBUG]  C:\Users\saile\.m2\repository\org\springframework\spring-expression\6.1.1\spring-expression-6.1.1.jar
[DEBUG]  C:\Users\saile\.m2\repository\org\springframework\boot\spring-boot-starter-data-jpa\3.2.0\spring-boot-starter-data-jpa-3.2.0.jar
[DEBUG]  C:\Users\saile\.m2\repository\org\springframework\boot\spring-boot-starter-aop\3.2.0\spring-boot-starter-aop-3.2.0.jar
[DEBUG]  C:\Users\saile\.m2\repository\org\aspectj\aspectjweaver\1.9.20.1\aspectjweaver-1.9.20.1.jar
[DEBUG]  C:\Users\saile\.m2\repository\org\springframework\boot\spring-boot-starter-jdbc\3.2.0\spring-boot-starter-jdbc-3.2.0.jar
[DEBUG]  C:\Users\saile\.m2\repository\com\zaxxer\HikariCP\5.0.1\HikariCP-5.0.1.jar
[DEBUG]  C:\Users\saile\.m2\repository\org\springframework\spring-jdbc\6.1.1\spring-jdbc-6.1.1.jar
[DEBUG]  C:\Users\saile\.m2\repository\org\hibernate\orm\hibernate-core\6.3.1.Final\hibernate-core-6.3.1.Final.jar
[DEBUG]  C:\Users\saile\.m2\repository\jakarta\persistence\jakarta.persistence-api\3.1.0\jakarta.persistence-api-3.1.0.jar
[DEBUG]  C:\Users\saile\.m2\repository\jakarta\transaction\jakarta.transaction-api\2.0.1\jakarta.transaction-api-2.0.1.jar
[DEBUG]  C:\Users\saile\.m2\repository\org\antlr\antlr4-runtime\4.10.1\antlr4-runtime-4.10.1.jar
[DEBUG]  C:\Users\saile\.m2\repository\org\springframework\data\spring-data-jpa\3.2.0\spring-data-jpa-3.2.0.jar
[DEBUG]  C:\Users\saile\.m2\repository\org\springframework\data\spring-data-commons\3.2.0\spring-data-commons-3.2.0.jar
[DEBUG]  C:\Users\saile\.m2\repository\org\springframework\spring-orm\6.1.1\spring-orm-6.1.1.jar
[DEBUG]  C:\Users\saile\.m2\repository\org\springframework\spring-tx\6.1.1\spring-tx-6.1.1.jar
[DEBUG]  C:\Users\saile\.m2\repository\org\slf4j\slf4j-api\2.0.9\slf4j-api-2.0.9.jar
[DEBUG]  C:\Users\saile\.m2\repository\org\springframework\spring-aspects\6.1.1\spring-aspects-6.1.1.jar
[DEBUG]  C:\Users\saile\.m2\repository\org\postgresql\postgresql\42.7.2\postgresql-42.7.2.jar
[DEBUG]  C:\Users\saile\.m2\repository\com\amazonaws\aws-java-sdk-s3\1.12.563\aws-java-sdk-s3-1.12.563.jar
[DEBUG]  C:\Users\saile\.m2\repository\com\amazonaws\aws-java-sdk-kms\1.12.563\aws-java-sdk-kms-1.12.563.jar
[DEBUG]  C:\Users\saile\.m2\repository\com\amazonaws\aws-java-sdk-core\1.12.563\aws-java-sdk-core-1.12.563.jar
[DEBUG]  C:\Users\saile\.m2\repository\commons-logging\commons-logging\1.1.3\commons-logging-1.1.3.jar
[DEBUG]  C:\Users\saile\.m2\repository\commons-codec\commons-codec\1.16.0\commons-codec-1.16.0.jar
[DEBUG]  C:\Users\saile\.m2\repository\org\apache\httpcomponents\httpclient\4.5.13\httpclient-4.5.13.jar
[DEBUG]  C:\Users\saile\.m2\repository\org\apache\httpcomponents\httpcore\4.4.16\httpcore-4.4.16.jar
[DEBUG]  C:\Users\saile\.m2\repository\software\amazon\ion\ion-java\1.0.2\ion-java-1.0.2.jar
[DEBUG]  C:\Users\saile\.m2\repository\com\fasterxml\jackson\dataformat\jackson-dataformat-cbor\2.15.3\jackson-dataformat-cbor-2.15.3.jar
[DEBUG]  C:\Users\saile\.m2\repository\joda-time\joda-time\2.8.1\joda-time-2.8.1.jar
[DEBUG]  C:\Users\saile\.m2\repository\com\amazonaws\jmespath-java\1.12.563\jmespath-java-1.12.563.jar
[DEBUG]  C:\Users\saile\.m2\repository\jakarta\annotation\jakarta.annotation-api\2.1.1\jakarta.annotation-api-2.1.1.jar
[DEBUG]  C:\Users\saile\.m2\repository\jakarta\xml\bind\jakarta.xml.bind-api\4.0.1\jakarta.xml.bind-api-4.0.1.jar
[DEBUG]  C:\Users\saile\.m2\repository\jakarta\activation\jakarta.activation-api\2.1.2\jakarta.activation-api-2.1.2.jar
[DEBUG]  C:\Users\saile\.m2\repository\org\springframework\spring-core\6.1.1\spring-core-6.1.1.jar
[DEBUG]  C:\Users\saile\.m2\repository\org\springframework\spring-jcl\6.1.1\spring-jcl-6.1.1.jar
[DEBUG]  C:\Users\saile\.m2\repository\org\springframework\boot\spring-boot-starter-amqp\3.2.0\spring-boot-starter-amqp-3.2.0.jar
[DEBUG]  C:\Users\saile\.m2\repository\org\springframework\spring-messaging\6.1.1\spring-messaging-6.1.1.jar
[DEBUG]  C:\Users\saile\.m2\repository\org\springframework\amqp\spring-rabbit\3.1.0\spring-rabbit-3.1.0.jar
[DEBUG]  C:\Users\saile\.m2\repository\org\springframework\amqp\spring-amqp\3.1.0\spring-amqp-3.1.0.jar
[DEBUG]  C:\Users\saile\.m2\repository\org\springframework\retry\spring-retry\2.0.4\spring-retry-2.0.4.jar
[DEBUG]  C:\Users\saile\.m2\repository\com\rabbitmq\amqp-client\5.19.0\amqp-client-5.19.0.jar
[DEBUG]  C:\Users\saile\.m2\repository\org\springdoc\springdoc-openapi-starter-webmvc-ui\2.5.0\springdoc-openapi-starter-webmvc-ui-2.5.0.jar
[DEBUG]  C:\Users\saile\.m2\repository\org\springdoc\springdoc-openapi-starter-webmvc-api\2.5.0\springdoc-openapi-starter-webmvc-api-2.5.0.jar
[DEBUG]  C:\Users\saile\.m2\repository\org\springdoc\springdoc-openapi-starter-common\2.5.0\springdoc-openapi-starter-common-2.5.0.jar
[DEBUG]  C:\Users\saile\.m2\repository\io\swagger\core\v3\swagger-core-jakarta\2.2.21\swagger-core-jakarta-2.2.21.jar
[DEBUG]  C:\Users\saile\.m2\repository\org\apache\commons\commons-lang3\3.13.0\commons-lang3-3.13.0.jar
[DEBUG]  C:\Users\saile\.m2\repository\io\swagger\core\v3\swagger-annotations-jakarta\2.2.21\swagger-annotations-jakarta-2.2.21.jar
[DEBUG]  C:\Users\saile\.m2\repository\io\swagger\core\v3\swagger-models-jakarta\2.2.21\swagger-models-jakarta-2.2.21.jar
[DEBUG]  C:\Users\saile\.m2\repository\jakarta\validation\jakarta.validation-api\3.0.2\jakarta.validation-api-3.0.2.jar
[DEBUG]  C:\Users\saile\.m2\repository\com\fasterxml\jackson\dataformat\jackson-dataformat-yaml\2.15.3\jackson-dataformat-yaml-2.15.3.jar
[DEBUG]  C:\Users\saile\.m2\repository\org\webjars\swagger-ui\5.13.0\swagger-ui-5.13.0.jar
[DEBUG] Source roots:
[DEBUG]  C:\work\s3-upload-service\s3-upload-service\src\main\java
[DEBUG]  C:\work\s3-upload-service\s3-upload-service\target\generated-sources\annotations
[DEBUG] Command line options:
[DEBUG] -d C:\work\s3-upload-service\s3-upload-service\target\classes -classpath C:\work\s3-upload-service\s3-upload-service\target\classes;C:\Users\saile\.m2\repository\org\springframework\boot\spring-boot-starter-web\3.2.0\spring-boot-starter-web-3.2.0.jar;C:\Users\saile\.m2\repository\org\springframework\boot\spring-boot-starter\3.2.0\spring-boot-starter-3.2.0.jar;C:\Users\saile\.m2\repository\org\springframework\boot\spring-boot\3.2.0\spring-boot-3.2.0.jar;C:\Users\saile\.m2\repository\org\springframework\boot\spring-boot-autoconfigure\3.2.0\spring-boot-autoconfigure-3.2.0.jar;C:\Users\saile\.m2\repository\org\springframework\boot\spring-boot-starter-logging\3.2.0\spring-boot-starter-logging-3.2.0.jar;C:\Users\saile\.m2\repository\ch\qos\logback\logback-classic\1.4.11\logback-classic-1.4.11.jar;C:\Users\saile\.m2\repository\ch\qos\logback\logback-core\1.4.11\logback-core-1.4.11.jar;C:\Users\saile\.m2\repository\org\apache\logging\log4j\log4j-to-slf4j\2.21.1\log4j-to-slf4j-2.21.1.jar;C:\Users\saile\.m2\repository\org\apache\logging\log4j\log4j-api\2.21.1\log4j-api-2.21.1.jar;C:\Users\saile\.m2\repository\org\slf4j\jul-to-slf4j\2.0.9\jul-to-slf4j-2.0.9.jar;C:\Users\saile\.m2\repository\org\yaml\snakeyaml\2.2\snakeyaml-2.2.jar;C:\Users\saile\.m2\repository\org\springframework\boot\spring-boot-starter-json\3.2.0\spring-boot-starter-json-3.2.0.jar;C:\Users\saile\.m2\repository\com\fasterxml\jackson\core\jackson-databind\2.15.3\jackson-databind-2.15.3.jar;C:\Users\saile\.m2\repository\com\fasterxml\jackson\core\jackson-annotations\2.15.3\jackson-annotations-2.15.3.jar;C:\Users\saile\.m2\repository\com\fasterxml\jackson\core\jackson-core\2.15.3\jackson-core-2.15.3.jar;C:\Users\saile\.m2\repository\com\fasterxml\jackson\datatype\jackson-datatype-jdk8\2.15.3\jackson-datatype-jdk8-2.15.3.jar;C:\Users\saile\.m2\repository\com\fasterxml\jackson\datatype\jackson-datatype-jsr310\2.15.3\jackson-datatype-jsr310-2.15.3.jar;C:\Users\saile\.m2\repository\com\fasterxml\jackson\module\jackson-module-parameter-names\2.15.3\jackson-module-parameter-names-2.15.3.jar;C:\Users\saile\.m2\repository\org\springframework\boot\spring-boot-starter-tomcat\3.2.0\spring-boot-starter-tomcat-3.2.0.jar;C:\Users\saile\.m2\repository\org\apache\tomcat\embed\tomcat-embed-core\10.1.16\tomcat-embed-core-10.1.16.jar;C:\Users\saile\.m2\repository\org\apache\tomcat\embed\tomcat-embed-el\10.1.16\tomcat-embed-el-10.1.16.jar;C:\Users\saile\.m2\repository\org\apache\tomcat\embed\tomcat-embed-websocket\10.1.16\tomcat-embed-websocket-10.1.16.jar;C:\Users\saile\.m2\repository\org\springframework\spring-web\6.1.1\spring-web-6.1.1.jar;C:\Users\saile\.m2\repository\org\springframework\spring-beans\6.1.1\spring-beans-6.1.1.jar;C:\Users\saile\.m2\repository\io\micrometer\micrometer-observation\1.12.0\micrometer-observation-1.12.0.jar;C:\Users\saile\.m2\repository\io\micrometer\micrometer-commons\1.12.0\micrometer-commons-1.12.0.jar;C:\Users\saile\.m2\repository\org\springframework\spring-webmvc\6.1.1\spring-webmvc-6.1.1.jar;C:\Users\saile\.m2\repository\org\springframework\spring-aop\6.1.1\spring-aop-6.1.1.jar;C:\Users\saile\.m2\repository\org\springframework\spring-context\6.1.1\spring-context-6.1.1.jar;C:\Users\saile\.m2\repository\org\springframework\spring-expression\6.1.1\spring-expression-6.1.1.jar;C:\Users\saile\.m2\repository\org\springframework\boot\spring-boot-starter-data-jpa\3.2.0\spring-boot-starter-data-jpa-3.2.0.jar;C:\Users\saile\.m2\repository\org\springframework\boot\spring-boot-starter-aop\3.2.0\spring-boot-starter-aop-3.2.0.jar;C:\Users\saile\.m2\repository\org\aspectj\aspectjweaver\1.9.20.1\aspectjweaver-1.9.20.1.jar;C:\Users\saile\.m2\repository\org\springframework\boot\spring-boot-starter-jdbc\3.2.0\spring-boot-starter-jdbc-3.2.0.jar;C:\Users\saile\.m2\repository\com\zaxxer\HikariCP\5.0.1\HikariCP-5.0.1.jar;C:\Users\saile\.m2\repository\org\springframework\spring-jdbc\6.1.1\spring-jdbc-6.1.1.jar;C:\Users\saile\.m2\repository\org\hibernate\orm\hibernate-core\6.3.1.Final\hibernate-core-6.3.1.Final.jar;C:\Users\saile\.m2\repository\jakarta\persistence\jakarta.persistence-api\3.1.0\jakarta.persistence-api-3.1.0.jar;C:\Users\saile\.m2\repository\jakarta\transaction\jakarta.transaction-api\2.0.1\jakarta.transaction-api-2.0.1.jar;C:\Users\saile\.m2\repository\org\antlr\antlr4-runtime\4.10.1\antlr4-runtime-4.10.1.jar;C:\Users\saile\.m2\repository\org\springframework\data\spring-data-jpa\3.2.0\spring-data-jpa-3.2.0.jar;C:\Users\saile\.m2\repository\org\springframework\data\spring-data-commons\3.2.0\spring-data-commons-3.2.0.jar;C:\Users\saile\.m2\repository\org\springframework\spring-orm\6.1.1\spring-orm-6.1.1.jar;C:\Users\saile\.m2\repository\org\springframework\spring-tx\6.1.1\spring-tx-6.1.1.jar;C:\Users\saile\.m2\repository\org\slf4j\slf4j-api\2.0.9\slf4j-api-2.0.9.jar;C:\Users\saile\.m2\repository\org\springframework\spring-aspects\6.1.1\spring-aspects-6.1.1.jar;C:\Users\saile\.m2\repository\org\postgresql\postgresql\42.7.2\postgresql-42.7.2.jar;C:\Users\saile\.m2\repository\com\amazonaws\aws-java-sdk-s3\1.12.563\aws-java-sdk-s3-1.12.563.jar;C:\Users\saile\.m2\repository\com\amazonaws\aws-java-sdk-kms\1.12.563\aws-java-sdk-kms-1.12.563.jar;C:\Users\saile\.m2\repository\com\amazonaws\aws-java-sdk-core\1.12.563\aws-java-sdk-core-1.12.563.jar;C:\Users\saile\.m2\repository\commons-logging\commons-logging\1.1.3\commons-logging-1.1.3.jar;C:\Users\saile\.m2\repository\commons-codec\commons-codec\1.16.0\commons-codec-1.16.0.jar;C:\Users\saile\.m2\repository\org\apache\httpcomponents\httpclient\4.5.13\httpclient-4.5.13.jar;C:\Users\saile\.m2\repository\org\apache\httpcomponents\httpcore\4.4.16\httpcore-4.4.16.jar;C:\Users\saile\.m2\repository\software\amazon\ion\ion-java\1.0.2\ion-java-1.0.2.jar;C:\Users\saile\.m2\repository\com\fasterxml\jackson\dataformat\jackson-dataformat-cbor\2.15.3\jackson-dataformat-cbor-2.15.3.jar;C:\Users\saile\.m2\repository\joda-time\joda-time\2.8.1\joda-time-2.8.1.jar;C:\Users\saile\.m2\repository\com\amazonaws\jmespath-java\1.12.563\jmespath-java-1.12.563.jar;C:\Users\saile\.m2\repository\jakarta\annotation\jakarta.annotation-api\2.1.1\jakarta.annotation-api-2.1.1.jar;C:\Users\saile\.m2\repository\jakarta\xml\bind\jakarta.xml.bind-api\4.0.1\jakarta.xml.bind-api-4.0.1.jar;C:\Users\saile\.m2\repository\jakarta\activation\jakarta.activation-api\2.1.2\jakarta.activation-api-2.1.2.jar;C:\Users\saile\.m2\repository\org\springframework\spring-core\6.1.1\spring-core-6.1.1.jar;C:\Users\saile\.m2\repository\org\springframework\spring-jcl\6.1.1\spring-jcl-6.1.1.jar;C:\Users\saile\.m2\repository\org\springframework\boot\spring-boot-starter-amqp\3.2.0\spring-boot-starter-amqp-3.2.0.jar;C:\Users\saile\.m2\repository\org\springframework\spring-messaging\6.1.1\spring-messaging-6.1.1.jar;C:\Users\saile\.m2\repository\org\springframework\amqp\spring-rabbit\3.1.0\spring-rabbit-3.1.0.jar;C:\Users\saile\.m2\repository\org\springframework\amqp\spring-amqp\3.1.0\spring-amqp-3.1.0.jar;C:\Users\saile\.m2\repository\org\springframework\retry\spring-retry\2.0.4\spring-retry-2.0.4.jar;C:\Users\saile\.m2\repository\com\rabbitmq\amqp-client\5.19.0\amqp-client-5.19.0.jar;C:\Users\saile\.m2\repository\org\springdoc\springdoc-openapi-starter-webmvc-ui\2.5.0\springdoc-openapi-starter-webmvc-ui-2.5.0.jar;C:\Users\saile\.m2\repository\org\springdoc\springdoc-openapi-starter-webmvc-api\2.5.0\springdoc-openapi-starter-webmvc-api-2.5.0.jar;C:\Users\saile\.m2\repository\org\springdoc\springdoc-openapi-starter-common\2.5.0\springdoc-openapi-starter-common-2.5.0.jar;C:\Users\saile\.m2\repository\io\swagger\core\v3\swagger-core-jakarta\2.2.21\swagger-core-jakarta-2.2.21.jar;C:\Users\saile\.m2\repository\org\apache\commons\commons-lang3\3.13.0\commons-lang3-3.13.0.jar;C:\Users\saile\.m2\repository\io\swagger\core\v3\swagger-annotations-jakarta\2.2.21\swagger-annotations-jakarta-2.2.21.jar;C:\Users\saile\.m2\repository\io\swagger\core\v3\swagger-models-jakarta\2.2.21\swagger-models-jakarta-2.2.21.jar;C:\Users\saile\.m2\repository\jakarta\validation\jakarta.validation-api\3.0.2\jakarta.validation-api-3.0.2.jar;C:\Users\saile\.m2\repository\com\fasterxml\jackson\dataformat\jackson-dataformat-yaml\2.15.3\jackson-dataformat-yaml-2.15.3.jar;C:\Users\saile\.m2\repository\org\webjars\swagger-ui\5.13.0\swagger-ui-5.13.0.jar; -sourcepath C:\work\s3-upload-service\s3-upload-service\src\main\java;C:\work\s3-upload-service\s3-upload-service\target\generated-sources\annotations; -s C:\work\s3-upload-service\s3-upload-service\target\generated-sources\annotations -g -parameters --release 21 -encoding UTF-8
[DEBUG] incrementalBuildHelper#beforeRebuildExecution
[INFO] Compiling 16 source files with javac [debug release 21] to target\classes
[DEBUG] incrementalBuildHelper#afterRebuildExecution
[INFO] /C:/work/s3-upload-service/s3-upload-service/src/main/java/com/ch/carinspection/imgupl/service/ScanService.java: C:\work\s3-upload-service\s3-upload-service\src\main\java\com\ch\carinspection\imgupl\service\ScanService.java uses or overrides a deprecated API.
[INFO] /C:/work/s3-upload-service/s3-upload-service/src/main/java/com/ch/carinspection/imgupl/service/ScanService.java: Recompile with -Xlint:deprecation for details.
[INFO] ------------------------------------------------------------------------
[INFO] BUILD SUCCESS
[INFO] ------------------------------------------------------------------------
[INFO] Total time:  3.634 s
[INFO] Finished at: 2025-07-17T10:18:50+08:00
[INFO] ------------------------------------------------------------------------
[DEBUG] Shutting down adapter factory; available factories [file-lock, rwlock-local, semaphore-local, noop]; available name mappers [discriminating, file-gav, file-hgav, file-static, gav, static]
[DEBUG] Shutting down 'file-lock' factory
[DEBUG] Shutting down 'rwlock-local' factory
[DEBUG] Shutting down 'semaphore-local' factory
[DEBUG] Shutting down 'noop' factory
